吉林到大连的车;吉林到大连每天发几班;吉林到大连下午最晚的一班几点发车;下午的班次从吉林到大连几点能到;
昭通到南昌的汽车;昭通到南昌最早几点发车;昭通到南昌的车走高速吗;昭通去南昌自驾要多久到;
搜索合肥左岸国际电影城;合肥左岸国际电影城评价怎么样;合肥左岸国际电影城离我多远;导航去合肥左岸国际电影城;
最新的热门电影是什么呀;最新的热门电影主演是谁;最新的热门电影导演是谁;最新的热门电影什么时候上映;
电影院有什么电影;电影院有什么评分最高的恐怖电影;附近哪个电影院环境好;电影院评分最高的恐怖电影票价多少钱;
搜索一下热门电影;搜索一下哪部电影评论最多;搜索一下有没有国产玄幻类的热门电影;姜文出新电影了吗;
鸽子怎么做最好吃;鸽子油炸好吃吗;鸽子肉怎样做比较嫩;鸽子可以煲汤吗;
凉拌海带的做法;凉拌海带都放哪些调料;海带可以生吃吗;海带需要切成丝吗;
故宫鱼怎么做;做故宫鱼要用什么鱼;孕妇可以吃故宫鱼吗;导航去海鲜市场;
白面粉可以怎样做饼;搜索葱油饼的做法;搜索做葱油饼都需要哪些材料;做葱油饼没有平底锅能用其他的代替制作吗;
土豆丝是怎么炒;土豆要泡多长时间;炒土豆丝可以放醋吗;土豆丝怎样做更好吃;
怎么做炸鸡;鸡肉要提前腌制吗;腌制鸡肉的材料有哪些;油温多少炸鸡更好吃;
怎么烧西红柿炒蛋;鸡蛋怎样炒更好吃;一周的孩子可以吃西红柿炒蛋吗;西红柿炒蛋可以放糖吗;
搜索西米露的做法;做西米露需要哪些食材;西米露可以冷藏吗;西米要煮多长时间;
四川美食;搜索四川的美食;四川火锅好吃吗;四川美食都很辣吗;
红烧土豆怎么烧;红烧土豆可以加什么配菜;红烧土豆是什么口味的;导航附近的超市;
怎么做西红柿炒鸡蛋呢;鸡蛋用不用放盐;西红柿炒鸡蛋;西红柿切片还是切块;
西兰花怎么做;西兰花怎么做更好吃;搜索西蓝花的食谱;导航附近的菜市场;
猪肚鸡怎么做啊;搜索猪肚鸡好吃的做法;猪肚怎样能更好的清洗干净;猪肚鸡需要炖多长时间;
肉怎么腌制;五花肉怎么腌制;腌制五花肉需要什么调料;附近哪里有卖腌五花肉的调料的;
鱼的做法;红烧鱼怎么做;查一下关于鱼的菜谱;红烧鱼怎么做更好吃;
排骨怎么弄才好吃;红烧排骨怎么做才好吃;红烧排骨的料包哪里有卖的;做红烧排骨可以加辣椒吗;
烤箱做面包怎么做;做面包烤箱要设置多少温度;做面包的面团要发酵多长时间;没有烤箱能用其他的替代制作面包吗;
民间小炒肉的做法;做民间小炒肉要用五花肉吗;做民间小炒肉可以放辣椒吗;民间小炒肉怎么做更好吃;
烤蛋糕的做法;烤箱温度多少比较合适烤蛋糕;烤蛋糕的面团要发酵多长时间;没有烤箱能用其他的替代制作烤蛋糕吗;
元宵节还有几个星期;今天是几月几号;农历是几日;元宵节应该吃什么;
多少月之后就是过年了;现在是几月;过年是农历多少;过年要放几天假;
查查最近一周CCTV-4每周有放我爱记歌词么;我爱记歌词主持人是谁;我爱记歌词现在播到第几季了;我爱记歌词每天几点开始播出;
央视少儿频道的节目单;央视少儿频道动画片几点开始;央视少儿频道晚上七点播放什么;央视少儿频道主持人是谁;
昨天的北京新闻;播放一下北京新闻快讯;北京新闻几点开始的;北京新闻主持人是谁;
中央少儿节目节目单;中央少儿熊出没几点开始;中央少儿有没有好看的动画电影;中央少儿智慧树几点开始;
江苏卫视有什么好节目吗;江苏卫视有没有恐怖的电影;江苏卫视动画片什么时候开始;江苏卫视口碑最好的搞笑电影是什么;
给我查下明天凌晨放妈妈来了吗;妈妈来了主持人是谁;妈妈来了几点开始播放;妈妈来了一共有多少季;
收看安徽卫视节目;安徽卫视有没有恐怖电影;安徽卫视口碑最好的电视剧是什么;安徽卫视动画片几点开始;
电视台正在放什么电视;我想看搞笑电视;评分最高的搞笑动画电影是什么;熊出没几点开始播;
回看安徽卫视烽火佳人;烽火佳人主演是谁;烽火佳人一共有多少集;烽火佳人是关于什么题材的电视剧;
快乐大本营什么时间播;快乐大本营在哪个频道播出;快乐大本营主持人是谁;和快乐大本营同类型的综艺节目还有哪些;
厦门到上海的机票;厦门到上海的飞机是哪个公司的;厦门到上海的飞机可不可以取消航班;厦门到上海的飞机几点起飞;
查寻合肥到北京的航班;合肥到北京用不用中途转机;合肥到北京最早的一趟航班是几点;合肥到北京的飞机是哪个航空公司的;
八月十号从重庆到武汉的航班;从重庆到武汉的航班是不是直达的;从重庆到武汉的商务舱多少钱;在哪购买从重庆到武汉飞机票;
明天去南昌的航班;去南昌需要飞几个小时;去南昌最早的航班是什么时候;去南昌最早的航班预计几点到达;
汕头到重庆的航班;重庆现在的天气怎么样;重庆有哪些景点;汕头到重庆最晚的一趟航班是哪个;
八月十一日从厦门飞往上海的航班;一天一共有几趟从厦门飞往上海的航班;怎么办理从厦门飞往上海的托运;导航到最近的机场;
查一下济南到成都的航班;济南到成都的航班用不用中途转机;济南到成都最早的一趟航班是几点;济南到成都的航班是哪个航空公司的飞机;
上海到淮安的飞机;上海到淮安需要飞几个小时;上海到淮安的飞机淮安;上海到淮安最晚的航班是什么时候;
到合肥市逍遥津公园怎么走;到合肥市逍遥津公园中途有没有便利店;导航合肥市逍遥津公园附近的加油站;合肥市逍遥津公园附近有没有好玩的地方;
我要去姜堰;搜索去姜堰的路线;最快需要多久到达姜堰;步行需要多久到达姜堰;
从二手车市场到八一广场怎么走;查询从二手车市场到八一广场最快的路线;八一广场附近有地铁站吗;可以做地铁去八一广场吗;
播放青岛中能的赛程;青岛中能的比赛在哪个频道播放;中央五套会转播青岛中能的赛程吗;青岛中能什么时候对阵河北队;
中超A组比赛结果分别是多少;中超A组比赛哪个球队成绩最好;山东泰山成绩怎么样;中超A组哪个球队会被淘汰;
恒大山东鲁能比分是多少;恒大山东鲁能在哪个频道转播;恒大对阵哪个球队;恒大山东鲁能的比赛几点开始;
给我来首好听的音乐;给我来首热搜榜第一的歌曲;给我来首欧美风格的歌曲;有没有欧美摇滚风格的歌;
播放断点;断点的演唱歌手是谁;断点专辑名字是什么;断点发行时间多久了;
想听牵手这首歌;和牵手类似的歌有吗;牵手完整版歌词有吗;牵手纯音乐版本的有吗;
来首快乐崇拜;快乐崇拜原唱是谁;快乐崇拜有没有翻唱的;快乐崇拜专辑名称是什么;
我要听新闻;我要听中央新闻;百度里面的新闻;百度里面关于疫情的新闻;
艳照门事件;张柏芝陈冠希电脑事件图片;陈冠希事件;陈冠希事件后续怎么样了;
看今天的新闻;请播放今天的新闻;请播放今天世界最新新闻;请播放今天今日重点新闻;
提醒我明天约了老同学的小聚一下;老同学聚会通知怎么写;同学聚会倒计时提醒;同学聚会前一天的提醒;
把在16点07的会议修改到16点08;设置会议提醒;设置提醒事项;取消会议提醒;
潜山到福州的火车;潜山到福州最晚的车次是几点;潜山到福州的票价多少钱;潜山到福州一天有几趟列车;
湖北荆州到黄石的火车;湖北荆州到黄石最晚的车次是几点;湖北荆州到黄石有几趟列车;湖北荆州到黄石火车经过哪些站;
帮我查询一下温州到上海的火车;温州到上海坐火车多长时间;温州到上海的火车经过哪些站;温州到上海最晚的车次是几点;
南京到厦门的火车票;南京到厦门的火车经过哪些站;南京到厦门坐火车多长时间;南京到厦门最晚的车次是几点;
枣庄到淄博的火车票;枣庄到淄博最晚的车次是几点;枣庄到淄博的火车时刻表有吗;枣庄到淄博的票价多少钱;
广州去昆明的火车;广州去昆明的火车票多少钱一张;广州去昆明的最新火车时刻表;广州去昆明的火车经过哪些站;
明天去蚌埠的车票;去蚌埠最晚的车次是几点;去蚌埠的车票怎么买最合算;去蚌埠坐火车多长时间;
打开汕头的天气预报;汕头的温度最低是多少;汕头的天气会刮风吗;汕头的天气最高温度是多少;
今天东莞天气如何;东莞的天气无持续风向几级;东莞日出是几点;东莞日落是几点;
天气南京;南京未来几天有雨吗;南京的紫外线指数是多少;南京的舒适度指数是多少;
今天天气怎么样;今天的空气湿度是多少;今天的空气质量怎么样;今天的风向是多少;
广州的天气如何;广州会下雨吗;广州风向是什么;广州的空气质量是多少;
台中的天气;台中的舒适度指数是多少;台中未来几天有雨吗;台中的气压指数多少;
沈阳今天天气;沈阳的空气湿度多少;沈阳未来十五天降水量多少;沈阳的天气宜出游吗;
查一下明天福州的天气;明天福州的空气湿度是多少;明天福州的空气质量怎么样;明天福州的风向是多少;
我要玩中国象棋;中国象棋规则是什么;中国象棋哪一方先走;搜索象棋棋谱;
打开相机;打开美颜功能;翻转摄像头;打开录像功能;
无锡到阜阳怎么坐汽车;无锡有几个汽车站;离我最近的车站是哪个;导航去汽车站;
现在电影院有什么好电影;有复仇者联盟吗;多少钱一张票;搜索附近的电影院;
豆沙包怎么做;豆沙包面团要发酵多长时间;豆沙包可以多放糖吗;豆沙包怎样蒸出来更好吃;
红烧肉的做法啊;红烧肉需要哪些食材;红烧肉怎么做更好吃;红烧肉肉需要切成多大的块;
肥肠的做法;烧肥肠怎么做更好吃;肥肠里面的油要去掉吗;搜索关于肥肠的菜谱;
海虾的做法;清蒸海虾怎么做;清蒸海虾需要蒸多长时间;清蒸海虾蘸料怎样调;
臭豆腐怎么做啊;臭豆腐需要发酵多长时间;臭豆腐属于什么菜系;为什么有的人吃不了臭豆腐;
搜索一下番茄炒蛋怎么做;番茄炒蛋可以放糖吗;番茄炒蛋需要放多少番茄酱;番茄炒蛋先炒番茄还是先炒鸡蛋;
猪大肠怎么炒;爆炒猪大肠怎么做;猪大肠都需要哪些食材;猪大肠需要提前煮熟吗;
替我回复这封邮件;收件人为老板;内容为收到;两点回复;
我要回复这个邮件;内容是三点去开会;收件人为小名;添加一个新邮箱;
我想打开新邮件;查看老板给我发的邮件;已读邮件放进垃圾桶;帮我转发这个邮件;
哪个频道有刘德华出演的电视剧;刘德华主演电视剧有哪些;刘德华拍过电视剧吗;刘德华甄子丹演的电影叫什么;
读书频道上个星期五有播放新闻联播吗;新闻联播是几点播放的;新闻联播周末是重播吗;新闻联播主持人是谁;
明天安徽卫视演什么;明天安徽卫视有没有恐怖电影;口碑最好的电视剧是什么;明天安徽卫视动画片几点开始;
查下上海到太原的机票;上海到太原的机票多少钱一张;上海到太原的机票商务舱多少钱一张;上海到太原的航班是直达吗;
得了关节炎怎么办;关节炎的早期症状表现;有没有缓解关节炎的妙招;关节炎可以根除吗;
暴发性紫癜是什么病;暴发性紫癜不治疗会自愈吗;暴发性紫癜常见于哪些人群;暴发性紫癜有什么症状;
如何治疗脚气;脚气是足癣吗;脚气会传染吗;白醋治脚气吗;
给爸爸发条短信说“爸爸我国庆节回来”;打开日历;现在离国庆节还有几天;国庆节国家规定放几天假;
来点歌听听;播放每日推荐;来一首周杰伦的歌;播放青花瓷;
我要听新闻;打开央视新闻APP;央视新闻APP播放今日新闻;最近有什么大事发生;
早晨8:10叫我;设置明天早上七点半的闹钟;现在是几点;打开秒表;
一分钟后叫我起床;设定六点半的闹钟;设置每五分钟响一次;更改闹钟铃声;
创元的股票如何;创元的股票今日股价多少;创元的股票上证指数是多少;成创元的股票交量有多少;
罗顿发展的股票;罗顿发展的股票现在还值得入手吗;罗顿发展的股票今日多少钱一股;罗顿发展的股票深成指数是多少;
拨打幺三九幺三八九九三九九;屏蔽骚扰电话;设置骚扰拦截;新建一个联系人;
打给孩子的爸;打给孩子妈妈;打开通讯录;给李明打电话;
拨打幺五八九三二八二八三八;幺五八九三二八二八三八这个是哪里的号码;是怎么收费的;我可以拨打国外的电话吗;
打电话给小楼;给小楼发短信;查询今日北京西站时刻表;导航去北京西站;
查一下从广州到南宁的火车票;广州到南宁的火车有几趟列车;广州到南宁坐火车多长时间到;广州距南宁多少公里;
连云港到徐州的火车票;连云港到徐州的火车票怎么买票最合算;连云港到徐州的火车经过哪些站;连云港到徐州的火车票价多少钱;
今天我要去逛街用英语说;钥匙的英语怎么说;汽车的英语怎么说;今天下雨了用英语怎么说;
CCTV农业;查看致富经节目;CCTV农业今晚有什么节目;CCTV农业现在在播放什么;
山东高清;山东高清有没有抗战电视剧;山东高清中午有什么综艺节目;山东高清有没有美食节目;
江苏党校二套;江苏党校二套今天的节目单;江苏党校二套今天有什么电影;江苏党校二套有甄子丹的电影吗;
我想看北京青年;北京青年是什么时间拍摄的;北京青年的前传是什么;北京青年导演是谁;
美国电影敢死队二;敢死队哪一部有李连杰;史泰龙还拍过什么电影;史泰龙今年多大了;
第二梦;风云里的第二梦结局如何;第二梦微电影的主演是谁;第二梦电影讲述的是什么故事;
夜访吸血鬼;夜访吸血鬼是恐怖片吗;夜访吸血鬼的导演是谁;汤姆克鲁斯饰演的哪个角色;
憨豆特工;憨豆特工一共有几部;憨豆特工导演是谁;谁饰演的憨豆;
打开聚划算网站;搜索男士夏季衣服;男士夏季衣服价格有低到高排序;聚划算属于哪个公司旗下;
那你帮我打开百度;查看百度今日热搜;帮我下载一个作业帮;打开百度翻译;
打开极品飞车;极品飞车是哪一年的游戏;极品飞车画质怎么样;极品飞车是单机游戏还是网游;
打开记事本;记录一下今天行程;记录今天的消费;设置一个便签;
回锅肉怎么做;回锅肉需要哪些配菜;回锅肉要用五花肉才好吃吗;回锅肉可以放辣椒吗;
土豆怎么做才好吃;搜索关于土豆的食谱;土豆炖牛肉怎么做;炸薯条要用什么土豆;
怎样做糖醋排骨;糖醋汁怎么调;排骨要焯水吗;糖醋排骨用电压力锅要选哪个模式;
现在的准确时间是几点;距离十二点还有多长时间;现在的北京时间是几点;澳大利亚现在是几点;
哪个台播出爱情公寓;浙江卫视今天有爱情公寓吗;爱情公寓几点播放;爱情公寓一共有几部;
湖南卫视节目录;湖南卫视现在正在播放什么;湖南卫视什么时候有综艺节目;播放搞笑电影;
CCTV-9的节目单;CCTV-9什么时候有动画片;播放养生节目;有没有战争题材的电视剧;
青海卫视频道的节目单;青海卫视频道有百变大咖秀吗;百变大咖秀几点播放;百变大咖秀的主持人是谁;
潍坊到北京机票明天的;一天有几趟潍坊到北京航班;怎么办理潍坊到北京托运;导航到最近的机场;
查一下明天青岛飞往上海的飞机都有哪一些都是几点的;青岛飞往上海最早的航班是几点;给我买最早一趟青岛飞往上海航班的机票;导航去青岛流亭机场;
脊髓损伤;脊髓损伤怎么治;脊髓损伤可以自愈吗;脊髓损伤应该挂哪一科;
买一注5月30号开奖的大乐透;大乐透能中多少钱;上一期大乐透彩票开奖时间;上一期大乐透奖池里有多少钱;
搜索凤凰古城位置;凤凰古城附近有没有酒店;我要去离我最近的万达;万达离我有多少公里;
导航到江门;江门属于哪个区;我要去江门附近的玩具店;江门附近有没有医院;
云浮在哪里;去云浮开车多久能到;云浮离我有多少公里;坐几路公交车能到云浮;
下个星期中国足球超级联赛淘汰赛的赛事前瞻;哪个球队有望杀入决赛;河北队的中超成绩;上海申花队的排名是多少;
我要听稻香;稻香是谁创作的歌词;稻香翻唱最好听的是哪版;稻香属于哪个专辑;
来首歌吗;放一首摇滚音乐;播放量最高的摇滚歌曲;热搜榜第一的摇滚歌曲是什么;
我要听流行歌曲;作曲者是谁;发行距今多少年了;作词者是谁;
你不来一首涛声依旧那你;流行榜第一的歌曲;有没有电音风格的涛声依旧;民谣风格的歌曲;
唱一首歌吧;放mv点击率最多的歌;流行榜第一的歌曲是哪首;搜索量最多的歌曲是哪首;
哦今日头条新闻;这几天的新闻;今日热点新闻;新闻头条在哪里看;
查一下新闻;查一下关于疫情的新闻;这几天关于疫情的新闻;娱乐新闻的最新内容;
十分钟以后叫我;五分钟之后叫我回家;明天十点提醒我回老家;明天下午三点提醒我去吃饭;
今天早上8:10叫我起床;一会十一点提醒我拿快递;中午十二点提醒我回消息;下午四点提醒我看球赛;
万科a股票;万科A股实时行情;万科股票多少钱一股;万科股票近几日的行情走势;
帮我定一张去镇江的动车票;去镇江的硬座票价多少钱;两人买去镇江的硬座怎么买最合适;去镇江的火车最早的车次是几点;
合肥到深圳的火车票;我想去深圳的游乐园;帮我订深圳市中心附近的酒店;合肥有没有直达深圳的火车;
我要买电脑的英语怎么说;我要买手机的英语是什么;手机坏了用德语怎么说;电脑城在哪用英语怎么说;
乳房的英语怎么说;头发的英语是什么;小腿的德语是什么;鼻子的日语是什么;
内裤用英语怎么说;短袖的英文是什么;帽子的英文是什么;我要买一件衬衫用英文怎么读;
打开中关村在线网;中关村在线网页版;打开中关村在线苹果版本;中关村在线网址是什么;
国际象棋开局;打开三国杀;国际象棋在哪下载;腾讯象棋官网入口;
搜索声控安卓软件;声控软件苹果版;有没有什么好玩的声控软件;在哪下载声控软件;
打开应用程序钱包;打开设置ID;打开设置ID查看我的订阅;打开设置ID取消所有的付费订阅;
酷狗音乐盒;打开酷狗音乐盒播放薛之谦的歌;打开酷狗官网首页;酷狗音乐下载地址在哪;
打开语音软件;打开相机拍照;打开我的设置里的显示;我要看电影;
把张玉娟的手机号码发送给吴伟;张玉娟的手机号是多少;给吴伟发张玉娟的手机号短信;把吴伟的手机号给我发过来;
新建联系人天天;给天天打电话;新建联系人小刘;小义的电话是多少;
把李文鼎的号码发给谢服全;告诉谢服全收到给我回复;查看李文鼎的电话;给李文鼎打电话;
查看婷婷的号码;给婷婷发短信;给婷婷打电话;给婷婷发微信;
替我答复这条邮件;替我答复这条邮件回复邮件我知道了;我的邮箱是多少;设置邮箱拒收;
得了肝癌怎么办;得了肝癌有哪些忌口;早期肝癌可以治好吗;肝癌可以喝酒吗;
给我查一下乳腺增生怎么治疗;治疗乳腺增生费用大约是多少;哪家医院治疗乳腺增生好;搜索附近所有能治疗乳腺增生的医院;
包皮过长怎么办;包皮过长需要做手术吗;哪里的医院做包皮手术比较好;导航去离我最近的一家医院;
胃溃疡怎么治;胃溃疡需要吃什么药;胃溃疡可以吃辣的吗;胃溃疡做手术费用大约是多少;
我是个女的你知道怎样治脱发吗;哪家医院植发做得好;脱发的原因是什么;脱发吃什么药物比较好;
湿疹怎么处理;湿疹什么原因造成的;湿疹需要吃什么药;湿疹症状都有哪些;
肩周炎怎么治;肩周炎的症状表现是什么;肩周炎用什么药好;肩周炎用做手术吗;
肩周炎要怎么治疗;肩周炎的症状是什么;肩周炎吃什么药好;肩周炎严不严重;
帮我查一下2013年2月8日开奖的15选5中奖号码;2013年2月8日的七乐彩最高奖金是多少;七乐彩今天开奖结果;搜索七乐彩历史开奖号码;
我要查彩票的开奖信息;彩票最高可以中多少钱;帮我买一注大乐透;大乐透什么时候开奖;
查看大乐透玩法的开奖;查看上一期大乐透的开奖结果;上一期大乐透一等奖有多少注;这次的大乐透开奖预测;
双色球的开奖号码是多少;有没有双色球的走势图;双色球开奖直播;上一期双色球中奖号码是多少;
发短信给上海浦东发展银行　95528;上海浦东发展银行客服电话是多少;导航去上海浦东银行;最近的金价回收是多少钱;
发短信给刘文说明天下午五点有聚会;给刘文发短信回来吃饭;给刘文发短信说去买菜;给刘文打电话;
给丹丹发信息我一会儿就回来别等我了;给丹丹打电话说让他回家;丹丹的电话号码是多少;给丹丹发微信让他回家;
发信息给许路雨;打电话给许路雨;给许路雨发微信说我到家了;把许路雨设置为紧急联系人;
给严巧发短信;严巧的手机号是多少;给严巧打电话;把严巧的手机号给我发过来;
把王建春的电话号码发给张学政;设置一下骚扰拦截号码是一二四六七;给张学政发短信;给张学政打电话;
发短信给王亮说死人你在干什么呢;给王亮打电话;查看王亮的电话;告诉王亮收到给我回复;
发送短信给陈群;让陈群给我回电话;给陈群发短信问问她在哪里;给陈群打语音电话;
给小鱼打电话;小鱼的电话是多少;发微信给小鱼回家做饭;给小鱼发彩信;
呼叫鹏鹏;设置下午三点给鹏鹏发送信息;鹏鹏的电话号是多少;鹏鹏的邮箱是多少;
给幺零零幺零打电话;给幺零零幺零发信息收费吗;幺零零幺零是联通的电话吗;给幺零零幺零打电话;
打电话给李新颖;给李新颖发邮件;发短信给李新颖现在在干什么;晚上十点提醒我给李新颖回电话;
你怎么了英文怎么讲;看电影用英语怎么说;电脑的英语是什么;我很好没事用英语怎么说;
我来自美国是一个地地道道的美国人用英语怎么说;暑假的英语怎么说;我是一名中国人用英语怎么说;我是一名中国人用法语怎么说;
一加一用英语怎么说;塑料的英语是什么;我现在在哪里用英语怎么说;我现在在哪里用法语怎么说;
我今天去北京了英语怎么说;我要去故宫用英语怎么说;去天安门的路线是什么;天安门用英语怎么说;
甘肃台;甘肃台的动画片几点开始;甘肃台的天气预报几点开始的;我要看甘肃台的汪汪队;
切换到a t v;找一部a t v台的成龙电影;a t v台口碑最好的电视节目是什么;a t v台有没有关于游戏的电视剧;
央视1高清;央视1什么时候有抗日电视剧;央视1有没有关于南京大屠杀的纪录片;我想看央视1的动画电影;
福建电视台;福建电视台现在正在播放什么节目;福建民生新闻几点开始;回看福建电视台昨天的节目单;
赶集网;打开赶集网;赶集网是干什么的;赶集网注册;
打开科大讯飞网站;科大讯飞是国企吗;科大讯飞是谁创立的;科大讯飞的地址是哪里;
打开网页小米论坛;小米论坛是干什么的;小米论坛最新的一款手机是哪部;小米公司董事长是谁;
上百度网站;上百度网站打开百度贴吧;百度网官网首页链接发给我;百度下载地址是什么;
广西新闻网;广西新闻网关于疫情的最新报道;广西最近的娱乐新闻都有什么;打开广西新闻网首页;
打开百度;打开王者荣耀;打开王者荣耀我的设置;百度怎样设置夜间模式;
网上人间官网;打开网上人间官网首页;网上人间是哪个公司的;网上人间是干什么的;
给我打开一下qq;打开qq更新一下签名;打开qq发表说说;打开qq查看最新消息;
搜索手机办公软件;搜索简单好用的手机办公软件;下载wps手机版;Office有手机版吗;
南京到黄山的汽车;南京到黄山都是大客车吗;南京到黄山有直达车吗;是走高速还是走下路;
北京到成都的汽车时刻表;从北京到成都怎么坐车方便;离我最近的车站有车吗;从北京到成都的车票多少钱;
给我放一部最新的电影;给我放一部最好看的电影;给我放一部最好看的美国电影;给我放一部卡梅隆导演的作品;
我想要全部答复;我想要查看邮件的全部答复;我想要查看空调问题的全部答复;我想要查看小名给我的答复;
今天晚上有没有中国好声音呢;浙江卫视今天晚上有没有中国好声音呢;浙江卫视的中国好声音今晚是第几季;浙江卫视的中国好声音导师有周杰伦吗;
CCTV9明晚有转播仁心解码2呢;仁心解码2导演是谁;仁心解码2里林颂恩的结局;仁心解码2里的郑佩茹是谁饰演的;
湖南卫视现在演什么节目;我要看湖南卫视的国产搞笑电影;湖南卫视几点有动画片;湖南卫视有没有搞笑的综艺;
明天去纽约的航班;明天去纽约的航班从哪个机场出发最快;搜索附近的机场;导航去机场;
曲阜在什么地方;曲阜属于哪个省份;曲阜有哪些好玩的地方;导航去曲阜;
歌曲白天不懂夜的黑;白天不懂夜的黑演唱者是谁;白天不懂夜的黑最好听的版本是哪个;播放白天不懂夜的黑伴奏;
放一首青花瓷;我要听周杰伦版本的青花瓷;周杰伦的青花瓷拿过什么奖项;青花瓷属于那张专辑;
我想听重庆新闻;打开FM96.8我想听重庆新闻;重庆最近疫情影响;重庆今日重点新闻;
有没有徐州到洛阳的火车票;徐州到洛阳的火车车票多少钱;徐州到洛阳的火车经过哪些站;徐州到洛阳的火车最晚的车次是几点;
CCTV农业;查看CCTV农业频道的致富经节目;CCTV农业今晚有什么节目;CCTV农业现在在播放什么;
体育赛事直播;直播有没有上海申花的比赛赛程;河北队对阵上海申花几号;体育赛事直播几点开始播出;
帮我搜索三国杀;三国杀是什么类型的游戏;三国杀哪个公司开发的;三国杀是单机游戏吗;
开启邮件;查看老板给我发的邮件;查看老板三点半给我发的邮件;帮我回复老板的邮件内容收到;
淮南电视台综合频道节目;淮南电视台综合频道有哪些热门电视剧;昨天淮南电视台综合频道晚上演的节目是什么;今天淮南电视台综合频道都播放哪些电视剧;
浙江卫视今晚有中国好声音吗;中国好声音几点开始播放;中国好声音导师都有谁;中国好声音导演是谁;
中央一台有什么节目吗;中央一台天气预报什么时候开始;中央一台新闻联播是几点;中央一台有没有综艺节目;
浙江高清台的节目单;浙江高清台有没有抗日的电视剧;浙江高清台有没有抗日的电视剧;浙江高清台;
潍坊到北京机票明天的;潍坊到北京一天有几趟航班;飞机怎么办理托运;导航到最近的机场;
从这里去瑞金路怎么走;搜索瑞金路的位置;瑞金路附近有没有小吃街;瑞金路坐公交车怎么去;
我要点新闻;我要点国内娱乐最新新闻;我要点内地娱乐最新新闻;我要点最新百度新闻;
后天新闻;昨天的新闻都有什么;今天的新闻是什么内容;今天的新闻联播几点开始;
我想听最新军事新闻;俄乌最新局势;乌克兰死了多少人;俄罗斯占领乌克兰了吗;
我要听昆明新闻;昆明市最近发生过什么事;打开昆明广播电视台;搜索昆明热点新闻;
晋江到温州的火车票;晋江到温州最新火车时刻表;晋江到温州火车时刻表有吗;晋江到温州火车票价多少钱;
完毕用英文怎么说;书包英文怎么说;行李箱英文怎么说;鞋子的英文是什么;
翻译我今天要去打网球;澳大利亚的英文是什么;澳大利亚人说英语吗;美国的首都是哪里;
东方卫视高清频道;东方卫视有没有刘德华的电影;东方卫视口碑最好的综艺节目是什么;东方卫视天气预报什么时候开始;
国际象棋开局;国际象棋有什么规则;国际象棋开局哪一方先走;国际象棋开局可以几个人玩;
搜索京东商城;京东商城搜索华为手机;京东商城最便宜的华为手机是哪个;京东商城最贵的华为手机是多少钱;
开启通讯录;开启通讯录添加新联系人;开启通讯录给老板打电话;开启通讯录给老婆发短信;
下载汉化软件;汉化是什么意思;可以汉化游戏吗;手机怎么下载汉化软件;
查看济南到东营的汽车;从济南到东营的汽车一天有几班车;济南到东营的汽车车票多少钱;济南离东营多远;
帮我写个邮件;给我看新邮件;帮我写个邮件收件人是李明;帮我写个内容为三点开会的邮件给李明;
我要写条新邮件;我要开启邮件;我要下载邮件链接的内容;我要写条新邮件帮我发给小赵;
替我答复这条邮件;替我答复这条邮件回复内容为收到;替我查看所有邮件;替我找到昨天下午三点的邮件;
发邮件给晶晶;发邮件给晶晶告诉她别忘记开会;下载一个网易邮箱;添加新邮箱;
我要答复邮件;收件人是小赵;答复邮件内容为收到;设置自动回复内容为收到;
查查最近一周CCTV-4有放我爱记歌词么;我爱记歌词主持人是谁;我爱记歌词现在播到第几季了;我爱记歌词每天几点开始播出;
现在最好看的电影是什么;我想看流浪地球;最好看的电影有没有科幻电影;票房最好的电影是哪部;
中央少儿节目;智慧树几点开始;我想看大耳朵图图;大耳朵图图适合几岁的小孩子看;
收看安徽卫视节目;安徽卫视中午十二点有什么节目;安徽卫视晚上八点有没有电视剧;安徽卫视天气预报几点开始;
影视频道有什么节目;我想看动画电影;影视频道有没有战狼2;影视频道每天播几部电影;
8点河北卫视播放过恋了爱了吗;恋了爱了主演是谁;恋了爱了是谁导演的;恋了爱了是谁导演的;
北京台有什么好电视;北京台有没有养生节目;熊出没是几点播;我想看恐怖电影;
广州至南宁航班;离我最近的飞机场是哪里;广州至南宁最早的航班是什么时候;最近两天一共有多少趟广州至南宁的航班;
到北京的飞机;到北京的飞机是不是直达;到北京的飞机需要坐几个小时;大雾天到北京的飞机航班会不会延时;
请查询一下深圳飞往上海的航班;深圳飞往上海明天最晚的一趟航班是几点;深圳飞往上海经济舱机票价格是多少;深圳飞往上海最早的一趟航班是哪个;
怎么去泉城广场;现在泉城广场开放吗;去泉城广场最近的路线是哪里;几路公交车可以直达去泉城广场;
南京火车站到南京农业大学;南京火车站到南京农业大学路程有多远;几路公交车可以到达南京农业大学;南京农业大学附近有没有饭店;
告诉我西安的位置;西安有哪些景点;开车去西安需要多长时间;去西安中途经过哪些城市;
移动公司在哪里呀;口碑最好的一家移动公司在哪里;离我最近的一家移动公司在哪里;离我最近的一家移动公司最快需要多长时间到;
广东省英德在哪里;去广东省英德最远的路线怎么走;去广东省英德路线有几条;去广东省英德需要多长时间;
湘潭到常德怎么走;湘潭到常德路程有多远;湘潭到常德中途有哪几个服务区;湘潭到常德开车需要几个小时到达;
播放青岛中能的赛程;中央五套会转播青岛中能的赛程吗;播放青岛中能的赛程在哪个频道播放;青岛中能什么时候对阵河北队;
我要听中超第二十八轮的结果;中超哪个球队成绩最好;中超里河北队成绩怎样;比赛哪些球队被淘汰了;
2013年中国男足主要赛程;回看中国男足成绩最好的一场比赛;中国男足所有球员有哪些;中国男足现在哪些球员退役了;
中超比赛结果;中超比赛哪个球队是第三名;河北队成绩怎么样;中超比赛哪个球队成绩最好;
我想看足球中超第25轮的比赛时间;足球中超有没有河北队的比赛;上海申花队几点有比赛;中超联赛第二十五轮所有球队有哪些;
广州恒大亚冠联赛比赛时间;广州恒大亚冠联赛四月十五号有没有比赛;给我预约河北队的比赛日程;广州恒大的球员都有谁;
恒大山东鲁能比分是多少;恒大山东鲁能几点开始比赛;恒大对阵哪个球队;恒大山东鲁能比赛在哪个频道转播;
放歌天亮了;播放天亮了伴奏;天亮了原唱是谁;天亮了歌曲时长有多长;
我想听首歌;我想放首摇滚风格的歌;哪首摇滚风格的歌比较热门;放一首摇滚风格排行榜第一的歌;
给我来首好听的音乐;给我来首好听的欧美风格的歌曲;有没有摇滚风格的歌;给我来首好听的欧美摇滚风格热搜榜第一的歌曲;
播放断点;断点专辑名字是什么;断点发行时间多久了;断点的演唱歌手是谁;
我想听伤感歌曲;有没有港风版本的伤感歌曲;新发行的伤感歌曲有哪些;我想听新发行的排行榜第一的伤感歌曲;
美国最近有什么新闻;最近美国新闻热点大事件;海外网最新美国新闻;国内最近的新闻;
播新闻湖南新闻;播放湖南卫视新闻频道;播放前天的湖南新闻;回放昨天的湖南新闻综合频道;
请给我讲一下今天的新闻吧;请给我讲一下今天的新闻联播讲了些什么;请给我讲一下今天发生了什么重大新闻;请给我讲一下今天的早间新闻的内容有哪些;
今天有什么新闻呢;今日新闻快报国际;今日头条新闻;今天有什么实时热点新闻;
讯飞语音我想知道山东省东营市今天的新闻;讯飞语音回看东营区新闻联播;讯飞语音播放山东东营特大新闻;讯飞语音播放东营电视台问政东营的新闻;
听新闻;听早间新闻;每日早报新闻在线收听;央广新闻在线收听;
今天东莞新闻;东莞今日头条新闻;我要听东莞早间新闻;东莞实时热点新闻;
本省农村广播;本省农村广播民生新闻几点开始;本省农村广播有没有音乐;本省农村广播有没有道路情况播报;
一起听听新疆人民广播电台;新疆人民广播电台是哪个频道?;今天新疆的热点新闻是什么;新疆现在的道路情况;
平安保险的股票价格;平安保险股票资金流向;平安保险股票分析;平安保险股票最新消息;
腾讯公司的股票;腾讯公司的股票深证指数是多少;腾讯公司的股票最近跌了多少;腾讯公司的股票是科技股吗;
TCL股票是涨还是跌了;TCL股票还会跌吗;TCL股票市值;今天TCL股价是多少;
中国太保股票;中国太保股票多少钱一股;现在买中国太保股票划算吗;中国太保股票A股实时行情;
查一查同方股份的股票;查询同方股份实时行情;同方股份的股票最近涨了还是跌了;同方股份的股票是在哪个交易所上市的;
青岛海信股票;查询青岛海信股票市值;青岛海信股票什么时候上市的;青岛海信股票最近的涨停趋势;
人福医药股票;查询人福医药历史股价;人福医药的董事长是谁;人福医药股票多少钱一股;
有上海到昆山的火车吗;上海到昆山的路程有多远;从上海到昆山需要坐几个小时的火车;上海到昆山的火车中间需不需要换乘;
帮我查一下临海到上海的火车;临海到上海的火车一天有几趟班次;临海到上海的火车经过哪些站;临海到上海的火车最晚的一趟是几点;
安阳到郑州的火车;安阳到郑州的火车中途经过哪些站点;郑州现在的天气怎么样;安阳到郑州的火车票价多少;
查一下兰州到成都的火车票;兰州到成都的火车卧铺车票多少钱;小孩子需不需要买火车票;成都有哪些好玩的地方;
明天有没有洛阳到西安的高铁;洛阳到西安坐多长时间的高铁;每天有几趟洛阳到西安的列车;洛阳到西安的高铁最早的是几点;
帮我查一下苏州到上海的火车;苏州到上海的火车最早的车次是几点;苏州到上海的火车中途用不用换乘;苏州到上海的火车是直达列车吗;
翻译爸爸;父亲用英语怎么说;爷爷的英语是什么;工作的英语怎么讲;
出租车的英文怎么说;公交车的英语是什么;出租车用日语怎么说;出租车用法语怎么说;
我不在家英语怎么说;台湾人说英语吗;公司的英文是什么;集团的英文是什么;
你叫什么名字英文怎么说;软件用英语怎么说;世界上最长的英文名字是什么;最短的英文单词是什么;
帮我翻译一下番茄;番茄不能和什么一起吃;狗可以吃番茄吗;番茄可以生吃吗;
我不吃英文怎么讲;我饿了用英语怎么讲;我不想吃饭的英文翻译是什么;你是不是很饿英语怎么讲;
中央十一台;中央十一台有没有历史题材的电视剧;我晚上八点要看中央十一台的恐怖电影;现在中央十一台正在播放什么节目;
CCTV四套;CCTV四套晚上七点有什么节目;CCTV四套有好看的节目吗;现在CCTV四套正在播放什么;
中央电视台电影频道;中央电视台电影频道口碑最好的电影是哪部;我要看喜羊羊大电影;中央电视台电影频道有没有沈腾主演的电影;
游戏竞技频道;我想看LOL直播;最近绝地求生有没有比赛;游戏竞技频道有王者荣耀的视频吗;
中央台五套;中央台五套现在正在播放什么;中央台五套什么时候有综艺节目;中央台五套播放搞笑电影;
西藏卫视;西藏卫视有哪些热门电视剧;西藏卫视昨天晚上演的节目是什么;西藏卫视今天都播放哪些电视剧;
帮我调到安徽卫视;帮我调到安徽卫视我要看男生女生向前冲;安徽卫视男生女生向前冲几点开始;安徽卫视晚上八点有没有电视剧;
海南旅游卫视;海南有什么好的景点;三亚现在的疫情防控政策;明天最早去海南的航班是几点;
中国教育电视台三台;中国教育电视台三台的新闻联播几点开始;中国教育电视台三台;我要看亮剑;
最近有什么好看电影了;导航去离我最近的一家电影院;最近电影院有没有吴京主演的电影;播放吴京主演的战狼2;
附近有什么水乡古镇;进入水乡古镇还要门票吗;搜索水乡古镇附近的小吃街;
查询锦溪古镇的门票价格和开放时间;坐公交车怎么去锦溪古镇;坐几路车是直达锦溪古镇的;
推荐苏州消费中等的景点;搜索评分高的苏州园林;苏州园林的历史由来;
搜索吴中区好玩的景点;光福景区属于几级景区;光福景区门票多少钱;
查找锦溪古镇的特点;锦溪古镇有什么历史文化;怎么坐车到锦溪古镇比较方便;
推荐苏州附近适合亲子游玩的地方;苏州玄武湖公园要门票吗;苏州玄武湖公园坐地铁可以去吗;
推荐附近水乡古镇;定一个早上八点的闹钟我要去接朋友;推荐水乡古镇景点附近美食;
推荐附近水乡古镇;最好玩的水乡古镇是哪个;有适合夏季去的水乡古镇吗;
推荐几个消费水平便宜的地方;苏州大学有几个校区;导航去苏州大学;
推荐苏州好玩的山水景区;定一个明早十点的闹钟我要去接朋友;播放音乐;
查询木渎古镇的门票价格;木渎古镇几点开始营业;木渎古镇附近有小吃街吗;
搜索附近西餐厅;离我最近的西餐厅是哪家;哪家的西餐厅评分最高;
推荐附近的江浙菜餐馆;定一个明早十点的闹钟我要去接朋友;江浙菜是什么口味的;
查找姑苏区的餐厅;姑苏区有没有好吃的粤菜馆;搜索姑苏区的烧鹅店;
查找东北菜餐馆;找一家经济实惠的东北菜餐馆;定一个明早九点的闹钟我去接朋友;
推荐一家档次高的粤菜餐厅;定一个早上八点的闹钟我要去接朋友;粤菜的口味是辣的吗;
查询高新区地铁站附近的餐馆;查询高新区饭店排行榜;搜索人气比较旺的中餐厅;
搜索姑苏区附近档次高的餐厅;姑苏区附近最贵的餐厅是哪家;姑苏区附近最贵餐厅的人均消费多少;
找一家吴中区中等价位的餐厅;吴中区中等价位的餐厅有粤菜馆吗;吴中区中等价位的餐厅有湘菜馆吗;
搜索吴中区附近的江浙菜餐馆;江浙菜是什么口味的;江浙菜都有哪些特色菜;
推荐一家苏州的东北菜餐厅;东北菜都有哪些特色;帮我预订一下苏州的酒店;
搜索苏州档次高的西餐厅;苏州最贵的西餐厅是哪家;苏州最贵的西餐厅人均消费多少;
查询一下臻品粤茶餐厅的推荐菜;臻品粤茶餐厅的老板是谁;臻品粤茶餐厅是什么菜系的餐馆;
搜索姑苏区靠近地铁站的餐厅;姑苏区有肯德基吗;导航去肯德基;
推荐一家价位中等的韩国料理店;人气最旺的韩国料理店是哪家;韩国料理店的人均消费多少;
推荐一家常熟的酒店;常熟价格比较便宜的酒店是哪家;常熟明天的天气怎么样;
我想在苏州订一间四星级 酒店;苏州评分最高四星级酒店的是哪家;苏州离我最近的四星级酒店是哪家;
推荐一家苏州适合休闲度假的酒店;拙政园附近有哪些酒店;拙政园附最便宜的酒店是哪家;
常熟有意思连锁酒店在哪;常熟的连锁酒店是几星级的;常熟的连锁酒店里有餐厅吗;
常熟附近有没有便宜点的酒店;最便宜的酒店是哪家;常熟明天天气怎么样;
昆山有哪些三星级酒店;昆山最好的酒店是哪家;昆山最好的酒店住一晚要多少钱;
天平山漫心酒店有大床房吗费用多少;天平山漫心酒店二百块钱可以住一晚吗;天平山漫心酒店大床房费用包含早餐吗;
查找吴中区的酒店;吴中区有哪些连锁酒店;吴中区哪家的连锁酒店服务态度最好;
查找高新区有标准间的酒店;高新区有三星级酒店吗;高新区的三星级酒店最贵的是哪家;
推荐一家吴江便宜点的酒店;吴江最便宜的酒店是哪家;吴江最便宜的酒店住一晚上要多少钱;
搜索昆山附近便宜的酒店;昆山最便宜的酒店是哪家;女生一个人住酒店要注意什么;
搜索吴中区有标准间的四星级酒店;吴中区的四星级酒店最便宜的是哪家;吴中区的四星级酒店离太湖景点最近的是哪家;
推荐一家常熟附近有大床房的酒店;常熟附近有大床房的酒店离我最近的是哪家;大床房可以住几个人;
搜索昆山附近有标准间的一星级酒店;昆山的一星级酒店最便宜的是哪家;昆山的一星级酒店评分最高的是哪家;
推荐一家常熟附近的酒店;常熟最便宜的酒店是哪家;常熟最贵的酒店是哪家;
推荐一家吴中区附近的四星级酒店;吴中区离太湖景区最近的四星级酒店是哪家;吴中区的四星级酒店标准间房费包含早餐吗;
苏州千灯古镇的评分是 多少;千灯古镇里面有什么好玩的;苏州千灯古镇几点开始营业;
推荐一个消费中等的水乡古镇;苏州最美的水乡古镇是哪里;中国十大水乡古镇是哪里;
推荐一个苏州消费贵的水乡古镇;苏州有多少个水乡古镇;光福古镇人气如何;
推荐几个苏州消费中等的景点;苏州找附近方便停车的景点;苏州离我最近的景点是哪个;
查询千灯古镇的评分;搜索千灯古镇游玩攻略;千灯古镇晚上可以去吗;
推荐一个工业园区适合情侣约会的地方;工业园区白天适合去哪里玩;工业园区有情侣酒店吗;
查询高新区消费高适合朋友出游的景点;苏州有哪些好吃的特色食物;定一个明早九点的闹钟;
推荐苏州消费高的山水景区;拙政园评分如何;拙政园每天的客流量是多少;
推荐一个吴江消费高的地方;吴江最繁华的地方是哪;吴江有大型商场吗;
推荐一下苏州消费高的游乐场;苏州最大的游乐场是哪个;苏州最大的游乐场距离我多远;
查询观前街的开放时间;观前街的具体位置在哪;观前街应该坐几路车去;
查询观前街的地址;苏州观前街几点开放;苏州观前街附近有小吃街吗;
推荐苏州消费中等的游乐场;苏州有适合带着孩子去的消费中等的游乐场吗;苏州适合情侣去的消费中等的游乐场有吗;
搜索周庄古镇的评分;周庄古镇门票多少钱;周庄古镇门开车过去要多长时间;
查询锦溪古镇的地址;锦溪古镇的评分多少;锦溪古镇门票多少钱一张;
推荐一家苏州附近便宜的江浙菜餐厅;苏州最便宜的江浙菜餐厅是哪家;苏州江浙菜餐厅人均消费多少;
推荐一家高新区好吃的川菜餐厅;川菜都是辣的吗;五岁的孩子可以吃川菜吗;
推荐一家工业园区中等价位的餐厅;工业园区最便宜的餐厅是哪家;下午三点提醒我去车站接朋友;
推荐一家工业园区附近的快餐店;工业园区离我最近的快餐店是哪家;工业园区附近的快餐店开车过去要多长时间;
推荐一家高新区的东北菜馆;高新区有能做锅包肉的餐馆吗;东北菜都有哪些特色菜;
查找高新区贵点的餐厅;高新区最贵的餐厅是哪家;高新区最贵的餐厅两个人去一般花多少钱;
推荐一家苏州价位贵点的日料店;苏州最贵的日料店是哪家;导航去离我最近的日料店;
推荐一家苏州档次高的西餐厅;苏州最贵的西餐厅是哪家;苏州最贵的西餐厅人均消费多少;
在高新区查找江浙菜餐厅;江浙菜起源于哪个地方;江浙菜都包含哪些特色菜;
查询松鹤楼饭店的评分;松鹤楼几点开始营业;规划去松鹤楼的路线;
推荐一家高新区的餐厅;高新区离我最近的餐厅是哪家;高新区消费低点的餐厅有哪些;
查询好人民间小吃的评分;搜索好人民家小吃的电话;好人民家小吃人均消费多少;
推荐一个苏州消费水平中等的姑苏古迹;留园的消费水平如何;苏州有哪些免费景点;
查询昆山附近便宜点的景点;昆山哪个酒店最便宜;昆山有哪些免费的景点;
查询苏州消费水平中等的游乐场;苏州有哪些大型游乐场;苏州适合情侣一起去的游乐场有哪些;
查找苏州便宜的姑苏古迹;苏州有哪些免费的古迹;金鸡湖景区评分怎么样;
查询苏州附近山水景区;苏州风景最好的山在哪里;苏州天平山景区门票多少钱;
查找苏州高新区一星级的酒店;地理位置最好的高新区一星级的酒店是哪家;高新区离我最近的一星级的酒店是哪家;
推荐一个苏州工业园区消费水平低的景点;工业园区最便宜的景点是哪;工业园区哪个景点附近有小吃街;
查询苏州消费低的校园;苏州科技大学门票多少钱;苏州科技大学是985吗;
查询苏州工业园区好玩的景点;苏州工业园区有没有适合带孩子玩的景点;苏州有哪些特色美食;
推荐一个昆山附近的酒店;离昆山高铁站近的酒店有哪些;昆山最高档次的酒店是哪家;
帮我在吴江地区找个酒店;吴江环境好一点的酒店;吴江性价比高一点的酒店;
推荐一个价位低的苏州水乡古镇;苏州有哪些免费的古镇;木渎古镇几点开门;
查询北京到南京的动车;北京距离南京多远;北京到南京做高铁要几个小时能到;
查找下周五下午北京到杭州的高铁;北京到杭州的高铁最快的一趟车是几点;坐飞机怎么去杭州;
查询下周一下午杭州到上海的高铁;杭州坐高铁多长时间可以到上海;查看上海未来一周的天气;
查一下下周四的航班;有飞北京的航班吗;下周四下午三点有到北京票吗;
推荐下周日上海飞深圳的公务舱票;上海飞深圳的公务舱票价多少钱;上海飞深圳的飞机是不是直达;
推荐一个下周日广州到北京的航班;广州飞北京的商务舱多少钱;怎么办理托运;
查询下周成都直飞广州的航班;成都直飞广州的航班最早的一趟是什么时候;下周广州天气怎么样;
查询下周二广州到成都的公务舱航班;广州到成都有多远;广州到成都需要飞几个小时;
查询最近机票价格;第一次坐飞机要注意什么;哪里买票更省钱;
查询下周六成都飞南京的航班;成都飞南京有直达航班吗;九点坐飞机什么时候能到南京;
下周六杭州天气如何多少度;杭州天气如何穿什么衣服合适;查询上海到杭州的高铁;
查一下下周五南京的天气;下周五南京的天气穿什么去比较合适;南京有哪些好玩的景点;
看一下下周四杭州的天气;杭州的日出是几点;下周四杭州的紫外线强吗;
武汉下周三适合出行吗;武汉日落是几点;武汉下周三的无持续风向几级;
下周三广州的天气怎么样;下周三广州的天气适合去外面拍照吗;下周三广州有雨吗;
查一下下周北京的天气情况;下周北京的空气质量怎么样;下周北京的穿衣指数是多少;
下周二深圳天气如何温度如何;下周二深圳的空气湿度多少;深圳未来十五天降水量多少;
查一下成都下周日的天气;成都未来一周的天气预报;下成都下周日的体感温度多少;
下周四武汉的天气怎么样;武汉日出是几点;下周四武汉的紫外线强吗;
查询下周日成都的天气如何;下周日成都有大风预警吗;下周日成都的天气宜洗车吗;
查询下周六苏州的天气;下周六苏州的空气质量怎么样;下周六苏州的最高温度是多少;
查询下周六成都的天气;下周六成都的舒适度指数是多少;下周六成都的空气质量是多少;
查一下去上海的火车信息;最早的一趟火车是几点的;查询上海的天气;
查询下周五厦门的天气;查询下周去厦门的火车;去厦门离我最近的机场是哪里;
找一趟下周三成都到北京的一等座高铁;成都到北京的高铁最早的一趟是几点;成都到北京的高铁需不需要换乘;
预定下周一上午北京到厦门的一等座高铁车票;北京到厦门的高铁中间途径哪些城市”;厦门下周一的天气如何;
查询下周六南京的天气和温度;有没有去南京的直达动车;南京大学在哪里;
查一下下周日厦门的天气;下周日厦门有没有雨;预定一张去厦门的机票;
查询下周五上午深圳到北京的一等座高铁;深圳到北京的高铁有卧铺吗;深圳到北京的高铁中途不需要换乘吧;
查询下周上海的天气;现在上海的天气怎么样;有没有去上海的航班;
下周二广州的天气和温度怎么样;去广州的高铁最早的是几点的;广州未来一周会不会下雨;
下周二成都的天气怎么样;下周二成都的温度是多少;成都哪里的火锅好吃;坐火车去成都最快多久能到达;
下周二杭州的天气好吗;去杭州的高铁票价是多少;杭州有哪些好玩的地方;
下周三成都的天气和温度如何;帮我订成都附近的酒店;需要坐几个小时火车才能到达成都;
下周五北京的天气和温度如何;帮我预订北京的酒店;北京清华大学在哪个位置;
下周三南京的天气怎么样;南京有没有沙滩;南京距离河北有多远;
下周一北京到广州的航班有哪些;下周一广州的天气怎么样;广州有哪些好玩的地方;
下周五成都的天气和温度如何;成都哪里的火锅比较好吃;成都是不是一线城市;
下周三北京的天气如何;北京有哪些好玩的地方;北京大兴国际机场在哪个位置;
查查下周三南京的天气情况;未来十五天南京的天气如何;南京大学在哪里;
查询下周一上海到南京的飞机;下周一南京的紫外线强度是多少;未来一周南京的天气怎么样;
下周南京的天气如何;下周南京的紫外线强度是多少;南京距离成都有多远;
北京和南京下周的天气情况如何;南京有没有好玩的地方;查询南京所有的酒店;
查询下周二北京的天气;下周二北京的紫外线强度如何;查询下周二到北京的航班信息;
推荐一部美国电影;口碑最好的是哪一部美国电影;票房最高的是哪个美国电影;
找一部张震主演的台湾电影;张震简介;张震今年多大了;
推荐一部美国高评分的爱情电影;推荐一部美国恐怖电影;播放一部适合三岁孩子看的美国恐怖电影;
推荐一部张震主演的台湾电影;张震简介;张震是台湾的吗;
推荐一部大陆高分电影;有没有沈腾演的大陆高分电影;沈腾口碑最好的电影是哪部;
推荐一部2000年代受好评的韩国爱情片;推荐一部印度爱情片;推荐一部英国恐怖片;
推荐2000年代比较好看的电影;有没有2000年代比较好看的战争题材电影;推荐一部2000年代比较好看的二战电影;
找一部吴彦祖主演的港片;吴彦祖今年多大了;吴彦祖现在是哪国国籍;
推荐一部近几年好看的台湾喜剧片;台湾近几年热度最高的艺人是谁;台湾高评分电影排行榜;
推荐一部印度电影;推荐一部印度喜剧片;播放9.5评分的印度电影;
推荐一部2000年代的韩剧;推荐一部最近很热2000年代的韩剧;在哪个APP可以观看2000年代的韩剧;
介绍一部孙红雷演的电视剧;孙红雷今年多大了;播放孙红雷的扫黑风暴;
找一部郑元畅主演的电视剧;郑元畅个人简介;郑元畅是哪一年出生的;
推荐一部台剧;给我播放生化危机;找一部搞笑的台剧;
帮我推荐一部2010年的日本悬疑片;评价最高的日本悬疑电影是哪部;票房最高的日本悬疑电影是哪一部;
推荐一部好看的港剧;评分高的好看港剧有哪些;搜索所有9.0评分以上的好看港剧;
推荐一下90年代比较热门的大陆电视剧;推荐陈思诚导演的90年代比较热门的大陆电影;我想看陈思诚导演的比较热门的大陆喜剧片;
推荐一部赵薇主演的剧;赵薇是哪里人;赵薇今年多大了;
帮我推荐一部香港的爱情片;我想看周星驰演的香港爱情电影;我想看刘德华的香港爱情电影;
帮我介绍一部90年代的美剧;想看90年代的经典港片;找一部最新的恐怖美剧;
找一部大陆电视剧;评分最高的大陆恐怖片是哪个;找一部9.5评分以上的大陆喜剧片;
有好看的美剧推荐吗;在哪看美剧资源比较多;我要看最近上映的美剧;
推荐一部高评分大陆剧;西红柿首富在哪可以看;搜索沈腾主演的高评分所有电影;
推荐一部剧情类的美剧;即将上映的美剧有什么;有没有高评分美剧推荐;
推荐一部70年代的恐怖片;在哪个电视台可以收看港剧;收看一部60年代的恐怖港剧;
推荐一部2000年代热播的韩国电视剧;韩国最火的艺人是谁;我想看韩国跑男;
推荐一部2010年代的台湾动作电影;在哪个APP看台剧资源比较多;播放一部被禁播的2010年代的动作台剧;
推荐一下2010年代热播的美剧;打开优酷视频播放2010年代热播的美剧;优酷上的美剧多不多;
推荐一部热播的日剧;推荐一部最近点击量最高的日剧;日本现在最红的艺人是谁;
找一部80年代的台湾电影;最近新上映了什么台湾电影;我要看有年代感的台湾电影;
找一部2000年代的香港喜剧片;找一部周星驰的喜剧片;周星驰是香港的吗;
关于2010年代有什么热播的香港科幻片;电影院现在有没有什么好看的科幻港剧;票房最高的科幻港剧是哪一部;
帮我找一部2000年代美国的恐怖片;找一部2000年代的韩国喜剧片;播放生化危机;
推荐一部90年代的科幻电影;韩国当前最红艺人是谁;90年代科幻电影排行榜;
导航去苏州市吴中人民医院;吴中人民医院是三甲吗;导航去苏州市吴中人民医院挂吴中人民医院骨科;
推荐一家口腔科比较出名的综合医院;口腔科医院排名;口腔科都检查什么项目;
找一家呼吸内科不错的专科医院;平均费用最低的是哪一家呼吸内科专科医院;呼吸内科专科医院哪家的住院环境比较好;
工业园区哪家医院的神经内科比较好;有没有住院环境比较好的神经内科医院;搜索工业园区所有医院;
找一个姑苏区骨科比较好的医院;粉碎性骨折还能痊愈吗;有没有住院环境比较好的骨科医院;
姑苏区的三级医院有多少;搜索姑苏区的所有的三级医院;距离我最近的三级医院是哪一个;
推荐一家擅长精神心理科方面的专科医院;推荐一家擅长骨科的公立三级医院;专科医院和综合医院的区别是什么;
苏州九龙医院有CT吗;九龙医院的口碑怎么样;九龙医院平均消费高不高;
哪个商业电脑最好;预算5000左右的商业电脑;商业电脑用来打游戏可不可以;
我需要采购一批宏碁的台式机;给我推荐一批联想品牌的台式机;联想品牌的台式机商业用预算需要多少;
推荐一款轻薄本笔记本电脑;推荐一部玩游戏不卡的轻薄本笔记本电脑;平时工作够用的轻薄本笔记本电脑;
小米这个品牌有什么好的电脑;小米品牌第一款笔记本是什么;小米公司创始人是谁;
推荐一款联想最新款的轻薄本笔记本电脑;找一款联想最新款的游戏笔记本;我想要戴尔品牌最新款的轻薄本笔记本电脑;
咨询一下五千到一万的电脑;五千到一万最新最好的一款电脑是哪一个;帮我找一部一万五左右的电脑;
我想买个宏碁的轻薄本;我想要一个联想品牌的轻薄本;联想品牌销量最好的轻薄本是哪一个;
推荐一款最新款的笔记本;联想最新款笔记本是哪一个;小米品牌的最新款的笔记本是哪一个;
推荐一款低于五千元的联想笔记本电脑;推荐一款销量最好低于五千元的联想笔记本电脑;找一个性价比最高的联想笔记本电脑;
推荐一款低配的凌度;凌度是上汽大众还是一汽大众;推荐一款自吸低配的凌度;
推荐一款中小型的三厢车;推荐一个30万左右中小型的三厢车;30万左右的别克君越怎么样;
推荐一款中小型的三厢车;推荐一款15万左右中小型的三厢车;15万左右中小型的三厢车哪一款性价比最高;
我想找一辆中大型的两驱SUV;中大型的两驱SUV哪一款销量最好;导航去我附近的SUV4S店;
有没有探歌低配的;低配探歌是不是自动挡;低配探歌是上汽大众还是一汽大众;
有没有十五万到二十万之间的三厢车;推荐一款大众品牌十五万到二十万之间的三厢车;大众品牌这个价格区间销量最好的是哪一个;
找一款家用的SUV;家用的SUV销量排行榜;我要去我附近的SUV4S店;
推荐一辆汽油驱动的SUV;家用型轿车哪些比较好;家用suv20万左右的车哪个好;
有没有二十万到三十万之间的汽油驱动三厢车;汽油驱动的两厢车好还是三厢车好;两厢车和三厢车的区别在哪里;
找一款一汽大众的两厢车;推荐一款一汽大众的两厢车;一汽大众有哪些车型;
推荐一辆上汽大众的MPV;上汽大众MPV最豪华的是哪一款?;上汽大众MPV哪一款销量最高;
有什么一汽大众品牌的MPV推荐;一汽大众品牌MPV最豪华的是哪一款;我想要大众品牌最豪华的SUV;
有什么越野三厢车推荐;找一辆五十万左右的;最新款的价格是多少;
推荐一款混合动力15万以内的SUV;混合动力15万以内销量最好的SUV是哪一个;推荐一款大众品牌混合动力15万以内销量最好的SUV;
推荐一款上汽大众的三厢车;上汽大众轿车销量好还是SUV销量好;最高配的帕萨特大概价格是多少;
推荐一辆中大型的SUV;导航去我附近的中大型SUV4S店;中大型的SUV销量前三名是哪些;
推荐一下中型的两驱SUV;中型的两驱SUV销量排行榜;要自动挡的中型两驱SUV;
推荐一辆中小型的MPV;找一个20万左右中小型的MPV;20万左右中小型的MPV有没有全景天窗;
推荐一个园区的语文志高班;哪一家的语文志高班师资力量比较强;找一家费用中等的语文志高班辅导班;
推荐个小学英语辅导班;报名人数最多的小学英语辅导班是哪一家;推荐个五年级数学辅导班;
帮我推荐个园区或姑苏区的英语辅导班;帮我推荐姑苏区的高三数学辅导班;附近有没有一对一辅导的高三数学辅导班;
推荐一个合适的数学精进班;找一家数学志高班;什么是精进班;
有什么好的语文辅导班推荐;搜索附近所有的语文辅导班;哪家语文辅导班的口碑最好;
找一个新区或吴中区的英语好学班;报名一个数学志高班;在哪儿报名;
帮我在新区查找一个数学的好学班;帮我在新区找一个语文辅导班;在新区找一个口碑比较好的英语辅导班;
我想报一个园区附近的英语好学班;找一个离家最近的英语好学班;在园区附近找一家语文辅导班;
推荐几个苏州吴中区适合亲子游玩并且消费中等的景点;永旺梦乐城几点开门;永旺梦乐城门票多少钱;
推荐姑苏区商业中心适合情侣玩的地方;华贸中心在什么位置;几号线地铁能到华贸中心;
推荐苏州园林消费中等的地方;苏州园林在什么位置;苏州园林需要门票吗;
印象城的位置;去印象城是否有公交车?;地铁是否能直达印象城;
推荐吴中区适合情侣游玩的山水景区;吴中区景区是否有漂流这个项目;几号线直达山水景区;
推荐姑苏区高档饭店;姑苏区高档饭店环境是否高大上;地铁是否能直达姑苏区饭店;
推荐苏州的日本料理;日料店的菜品花样是否齐全;日料店菜品都是凉的吗;
推荐工业园消费中等的餐厅;工业园餐厅菜品是否美味;工业园蔬菜是纯天然无公害的吗;
推荐高档的西餐厅;西餐厅的服务质量怎么样?;餐厅的菜品质量如何;
推荐一家价位中等的江浙菜馆;菜馆几点开餐;餐馆的江浙菜味道是否正宗;
推荐苏州吴中区的一家日本料理店;吴中区这家日料店食材的新鲜程度;日料店的特色;
苏州锦江之星酒店的标准间怎么样;苏州锦江之星酒店位置在哪里;苏州锦江之星酒店有车接送吗;
苏州新城花园丽呈华庭酒店大床房怎么样;苏州新城花园丽呈华庭酒店服务咋样;苏州新城花园丽呈华庭酒店房间隔音效果如何;
苏州常熟中江广场皇冠假日酒店里评分怎么样;苏州常熟中江广场皇冠假日酒店有大床房吗;苏州常熟中江广场皇冠假日酒店有没有预定服务;
推荐姑苏区一家价位中等且带大床房的酒店;推荐姑苏区的酒店的床品是否卫生;推荐的酒店房间的布局怎么样;
推荐苏州一家2星级且适合商务出行的酒店;推荐的苏州二星酒店有标准间吗;推荐的苏州酒店周围的美食;
苏州昆山 托尼洛 · 兰博基尼酒店的预定电话;苏州昆山 托尼洛 · 兰博基尼酒店是否有大床房;苏州昆山 托尼洛 · 兰博基尼酒店装修豪华吗;
苏州途乐酒店公寓标准间的收费标准;苏州途乐酒店公寓是位于该城市的中心地段吗?;苏州途乐酒店公寓有预定优惠吗;
推荐苏州吴江一家带大床房的酒店;推荐的苏州吴江酒店房间里面的卫生环境是否干净;推荐的酒店房间洗澡热水是否方便舒适;
推荐苏州吴中区一家价位中等的酒店;推荐的酒店酒店前台的服务态度怎么样;推荐的酒店入住手续麻烦吗;
推荐苏州昆山的一家一星级且带大床房的酒店;推荐的苏州昆山的酒店房间是否隔音;推荐的酒店入住需要健康码和行程码吗;
苏州网师园的开放时间;网师园的位置在哪里;网师园有多大;
推荐苏州消费平价的景点和学校;学校让进吗;学校的环境如何;
推荐苏州姑苏区消费平价的地方;推荐的姑苏区景点有什么平价的纪念品;推荐的姑苏区景点叫什么名字;
苏州工业园区有什么平价的地方;明早七点提醒我去车站接朋友;打开音乐;
搜索苏州消费中等的游乐场;推荐门票大概在二到三百左右的游乐场;苏州游乐场进去之后限时吗;
工业园区有消费平价的地方吗;工业园区网吧在哪个位置;不满18周岁可以去网吧吗;
推荐吴江适合朋友出游的地方;吴江与朋友必打卡的地方;推荐吴江出游的地方晚上开门吗;
推荐苏州吴中区适合朋友出游的景点;推荐的苏州吴中区的景点有娱乐项目吗;推荐的吴中区景点什么时候开始开放;
苏州太湖国家湿地公园的位置;苏州太湖国家湿地公园是免费的吗;苏州太湖国家湿地公园晚上可以去吗;
苏州寒山寺有什么特色;苏州寒山寺门票多少钱;苏州寒山寺是什么年间的;
在苏州有没有平价的山水景区;苏州距离我办事地方近的水景区有没有;苏州交通方便的水景区有没有;
苏州甪直古镇地铁能不能直达;甪直古镇几点开始营业;甪直古镇一张门票多少钱;
推荐苏州消费中等的地方;打开高德地图;导航南浩街;
查询苏州吴中区好玩的景点;苏州吴中区景点附近的酒店;苏州吴中区景点附近的酒店有接送的车吗;
西交利物浦大学的评分情况;西交利物浦大学在校大学生的人数;西交利物浦大学师资力量如何;
推荐苏州姑苏区消费中等的古迹;在姑苏区内有几处古迹;姑苏区古迹怎么演变而来的;
推荐苏州昆山消费偏贵的地方;在大众点评上排名最高的地方是哪里;推荐的地方晚上开门吗;
推荐苏州姑苏区平价的古迹;苏州姑苏区有哪些免费的姑苏古迹;苏州姑苏区古迹评分怎么样;
搜搜苏州高新区的景点;搜索适合情侣出游的高新区的景点;高新区附近有名的网红打卡地;
推荐苏州消费偏贵的山水景区;门票200以上的苏州山水景区;有刺激漂流的苏州山水景区;
推荐苏州姑苏区有面包和甜品的餐厅;苏州姑苏区甜品店铺人气排名;推荐的甜品店铺有爆浆蛋糕吗;
推荐苏州日本料理;苏州最贵的日本料理是哪家;苏州日本料理排行榜第一的;
找一家苏州工业园区的西北菜餐厅;打开高德地图;搜索西贝莜面村;
苏州工业园区消费高的景点;苏州工业园区哪些是最好玩的;近日苏州的天气怎么样;
查询苏州吴中区一家酒店;福朋喜来登酒店位置在哪;福朋喜来登酒店住一晚多少钱;
推荐苏州消费高的水乡古镇;推荐距离我出差的地方近的酒店;坐公交车几站地可以到水乡古镇;
推荐苏州高新区一家五星级酒店;推荐的苏州高新区的酒店标准间费用是多少;推荐的苏州高新区的酒店服务态度咋样;
苏州姑苏区有消费平价的景点吗;推荐苏州姑苏区适合一家人旅游的地方;推荐苏州姑苏区附近的特色美食;
在苏州高新区找一家四星级的酒店;推荐的高新区四星酒店是24小时营业吗;推荐的高新区四星酒店能在美团上预定吗;
推荐苏州吴江2星酒店;推荐的苏州吴江二星酒店服务态度怎么样;推荐的苏州吴江二星酒店消费水平怎么样;
苏州价位中等的酒店有哪些;推荐苏州离火车站近的酒店;推荐的苏州酒店入住手续麻烦吗;
推荐苏州高新区偏贵的景点;太湖需要门票吗;太湖几点开始营业;
推荐苏州姑苏区平价的酒店;推荐的姑苏区评价酒店叫什么名字;推荐的姑苏区酒店附近的交通是否方便;
推荐苏州姑苏区中等价位的酒店;推荐的酒店有带麻将桌的房间吗;推荐的酒店附近的特色美食;
查询下周日下午从北京到杭州的高铁;西湖的具体位置;杭州附近有名的餐馆;
查 一下下周日上午从 广州到上海的高铁;距离我办事的地方近的高铁站;距离我办事的地方近的高铁站附近的交通是否方便;
下周日从深圳到上海的航班;下周日从深圳到上海的航班都有哪些班次;距离我开会最近的一个飞机场;
查询下周日成都到上海的航班;下周日成都到上海的航班上午最早的一趟是几点;成都到上海的航班需要飞几个小时;
下周五从深圳到上海的航班;深圳到上海的航班公务舱的机票多钱;推荐上海适合一家人去的景点;
查询下周四从成都到厦门的航班;成都到厦门的航班哪个班次有公务舱;下周四厦门的天气;
查询厦门到北京的航班;厦门到北京的航班有没有直达的;天安门几点升旗;
查询下周一从厦门去北京的航班;预定厦门去北京头等舱的机票;距离我朋友家近的飞机场;
查询周六杭州的天气;周六杭州风向情况;周六杭州适合穿T恤衫吗;
查询下周六北京的天气;下周六北京几点紫外线最弱;下周六北京会不会下雨;
查询下周一成都的天气情况怎么样;成都最近几天有雨吗;老成都火锅在什么地方;
查询下周南京的天气;下周什么时候有到南京的航班;南京的特色美食;
查询下周日深圳的天气;下周日深圳的天气适合出行游玩吗;下周日深圳的天气穿短袖冷吗;
查询下周一武汉的天气;武汉哪个火车站离老友家近;武汉附近有礼品店吗;
查询下周日上海的天气;下周日上海最高温度是多少;上海晚上几点日落;
查询下周上海的天气;下周去上海带多少衣物合适;推荐下周去上海的航班班次;
查询苏州近7天的天气;苏州近7天的天气适合出门吗;苏州近7天的天气穿什么衣服合适;
查询下周三上午成都到北京的地铁;下周三上午成都到北京的地铁票价多少;成都到北京路程多远;
查询下周杭州天气;帮我预定杭州的酒店;适合穿什么衣服;
查询 下周五上午南京到杭州的动车;南京到杭州路程有多远;从南京到杭州需要多长时间;
你好在吗;最近怎么样;身体好吗;
查询下周六下午广州到北京的动车;下周六北京天气怎么样;从广州到北京中途需要换乘吗;
查询下周一南京的天气;推荐南京几个好玩的景点;南京附近小吃街在哪;
查询下周四下午上海到深圳的动车;上海到深圳的动车票价多少;从上海到深圳的动车中途需要换乘吗;
查询下周去广州的火车;去广州的火车是直达的吗;多长时间能到广州;
查询下周一下午广州到深圳有一等座的动车;广州到深圳的一等座动车车票多少钱;深圳空气质量怎么样;
查询下周五下午从杭州到厦门有一等座的动车;从杭州到厦门有一等座的动车是直达的吗;从杭州到厦门沿途经过哪些地方;
查询下周日上午杭州到上海还有一等座的高铁车次;下周日上海当天最高温度是多少;下周日在上海需要防晒吗;
查询下周四杭州天气;杭州最著名的景点是哪里;杭州有没有水乡古镇;
查询下周日厦门的天气和风力;下周日厦门最低温度是多少;下周日厦门风力是几级;
查询下周一成都天气;成都美食排行榜;成都小吃街在哪儿;
查询下周四北京的天气;怎么坐车去北京天安门;去北京天安门有地铁吗;
问一下下周五南京有没有风;下周五南京风力几级;下周五南京会不会下雨;
查一下下周三成都的天气;成都有没有价格合适的酒店;坐地铁可以直达成都酒店吗;
看一下下周五北京的天气和气温;去北京故宫怎么走;坐地铁可以去北京故宫吗;
查询下周南京的天气;下周南京的风很大吗;下周南京刮几级风;
推荐一下下周成都到上海的公务舱机票;上海标志性建筑有哪些;查询上海天气;
咨询下周一北京到广州的航班;下周一北京到广州最早的一趟是什么时候;下周一北京到广州的航班需不需要换乘;
查询下周三北京天气、温度;北京几点举行升旗仪式;在北京哪儿举行;
帮我推荐一个下周六从北京到成都有公务舱的航班;导航去附近的北京机场;从北京到成都公务舱机票多少钱;
推荐一部2000年代受好评 的印度科幻片;印度科幻片口碑比较好的有哪些;印度科幻片哪部票房最高;
推荐 一下2000 年代最受好评的香港电影;我想看动作片;我想看爱情片;
帮我推荐一部90年代的电影;找一部最近上映的电影;有没有90年代的电影武侠片;
帮我推荐个港片;有没有宫斗片;票房最好的是哪部;
帮我推荐一个评分高的印度喜剧电影;印度喜剧电影有没有评分八分以上的;评分八分以上的印度喜剧电影著名女演员是谁;
推荐一下印度最好看的动作片;热播韩剧推荐;有穿越题材的印度动作片吗;
推荐一部中国大陆的电影;评分最好的中国大陆武打片是哪一部;评分最好的中国大陆武打片是成龙主演的吗;
推荐一部评分比较高的日剧;有关于推理的日剧吗;哪个软件可以看关于推理的日剧;
给我找一部中国香港的科幻片;推荐一部内地的热播剧;最近热播的中国香港仙侠片有哪些;
推荐一部美国的电视剧;美国电视剧破产姐妹好看吗;美国电视剧破产姐妹一共有几季;
帮我推荐一部2010年代的日本犯罪片;我想看古代断案的电视剧;我想看盗墓笔记;
帮我找一部中国大陆的电视剧;有没有体育类的中国大陆电视剧;有没有科幻题材的中国大陆电视剧;
帮我找一部日本的电视剧;日本最火的女艺人是谁;日本最火的女艺人有没有比较经典的电视剧;
2000年代最热门的美国电视剧;推荐一部2000年代最热门的美国悬疑电视剧;最近有没有热播的爱情片;
帮我找一部游本昌老师演的中国大陆的剧;游本昌老师的济公是几几年的中国大陆剧;游本昌老师主演的中国大陆剧收视率是多少;
帮 我 找 一部2000年代的中国大陆动作片的电影;导航去电影院;电影院几点关门;
帮我找部2010年代的科幻片电影;2010年代票房最高的一部科幻片电影叫什么;2010年代票房最高的一部科幻片电影是谁负责拍摄的;
推荐一部中国台湾80年代的恐怖电影;警匪片比较经典的有哪些;霍建华是台湾人吗;
帮我找个动作电影;中国内地动作电影;中国内地动作电影评分高的;
推荐一部2000年代热播的日本爱情片;我想看2000年代日本热播恶作剧之吻;2000年代日本热播恶作剧之吻台湾版的是什么时候拍摄的;
我想找部90年代内陆的喜剧电影;经典港剧有哪些;刘德华主演的港剧有哪些;
找一家姑苏区三级公立医院;我想去姑苏区三级公立医院挂骨科;哪家医院擅长呼吸内科;
查下苏州市相城人民医院的电话;我要挂苏州市相城人民医院神经科;导航去苏州市相城人民医院;
咨询苏州市比较好的神经内科综合医院;苏州排名前十的神经内科综合医院;苏州市比较好的神经内科综合医院门诊时间是什么时候;
找一家比较擅长消化内科 的综合医院;消化内科主要是看什么;我要去消化内科的综合医院挂号;
找一个擅长普外科的综合医院;普外科主要包括什么疾病;离我最近的普外科综合医院在哪儿;
查询姑苏区血液科比较好的医院;血液科要检查什么;姑苏区医院血液科报告到多久才能出来;
我想找家专科医院;我想找擅长眼科的专科医院;眼科专科医院可以立即做眼部激光手术吗;
找个好点的姑苏区医院;坐地铁可以直达的姑苏区医院;姑苏区医院附近有商场的;
咨询一款游戏本;联想的游戏本打游戏快吗;联想的游戏本内存最大的是多少;
推荐一个新款笔记本;导航去附近的电脑城;苹果新款笔记本电脑多少钱;
推荐一下5000元到10000元的电脑;5000元到10000元的电脑苹果和戴尔的CPU有什么不一样的吗;5000元到10000元的电脑苹果和戴尔的CPU哪个更好;
推荐一下戴尔的笔记本电脑;有没有16GB的戴尔笔记本电脑;16GB的戴尔笔记本电脑一共有几个系列;
推荐一款5000到10000小米 -笔记本系的电脑;5000到10000的小米笔记本电脑都有什么系列的;5000到10000的小米笔记本电脑哪款电脑销量最好;
推荐一个最新款的笔记本电脑;小米的平板怎么样;小米耳机多少;
推荐一款惠普暗影精灵系列的预算是在5000到10000左右的电脑;惠普暗影精灵系列的预算是在5000到10000左右的电脑有16GB的吗;惠普预算是在5000到10000左右、16GB的电脑还有其他系列的吗;
推荐一款宏碁的最新款轻薄本;宏碁最新款轻薄本有没有学习机;宏碁最新款轻薄本可以打游戏吗;
推荐一下15 万以内汽油驱动的三厢车;推荐一个15 万以内汽油驱动的大众三厢车;我想要家用的15 万以内汽油驱动的大众三厢车;
推荐一辆高配的朗逸;高配的朗逸哪一款耗油少;高配的朗逸有没有六人座的;
推荐一款中小型的三厢车;我想要一辆MPV中小型的三厢车;有没有朗逸MPV中小型的三厢车;
推荐一辆小型的SUV;比亚迪小型SUV怎么样;比亚迪有没有新能源的小型SUV;
我想买一辆3个人坐的一汽大众的三厢车;大众旗下有哪些品牌;推荐一辆价格在30万左右的3个人坐一汽大众三厢车;
推荐一辆汽油驱动的MPV;雪佛兰汽油驱动的MPV怎么样;雪佛兰汽油驱动的MPV有没有中型车;
推荐一辆3个人坐的越野的三厢车;越野车排名前几位的是;3个人坐高配版越野三厢车价格大概在什么范围之间;
推荐一款预算在20到30万 汽油驱动的三厢车;汽油驱动汽车排行榜前三的是;预算在20到30万汽油驱动的三厢车销售量最好的一款是;
推荐一款高配的迈腾;两驱中型的SUV最新款多少钱;长安汽车两驱中型的SUV怎么样;
推荐一下插电式混合动力驱动的SUV;插电式混合动力驱动的SUV最豪华的是哪一款;我想要一款插电式混合动力驱动SUV的房车;
四驱中小型的SUV;我需要4人座的四驱中小型SUV;4人座四驱中小型SUV有没有进口的;
推荐个语文辅导班;找一家周五晚上上课的语文辅导班;语文辅导班哪一家成绩提升的最明显;
推荐一个数学辅导班;搜索我家附近所有的数学辅导班;数学辅导班哪一家离我最近;
推荐一个在新区的五年级英语精进辅导班;新区附近有没有语文辅导班;推荐一个新区的志高班;
推荐一个周六上午或下午 补六年级语文的辅导班;周六上午或下午 补六年级语文的辅导班哪一家报名有优惠;周六上午或下午 补六年级语文的辅导班哪一家可以上线上课堂;
推荐一个英语辅导班;找一个物理辅导班;我想报高中的英语辅导班;
推荐一个在姑苏区周六上午或下午上课的五年级数学辅导班;在姑苏区周六上午或下午上课的五年级数学辅导班哪一家老师最多;在姑苏区周六上午或下午上课的五年级数学辅导班哪一家可以面对面辅导;
推荐个语文辅导班;找一家吴中区的语文辅导班;推荐个口碑好的语文辅导班;
找个四年级辅导班;我想报数学四年级辅导班;有没有补习英语的四年级辅导班;
推荐苏州姑苏区的商业中心;几号线地铁直达姑苏区的商业中心;姑苏区的商业中心里面有游戏厅吗;
查找苏州大学的联系电话;苏州大学能随便进吗;苏州大学哪个食堂的饭菜做好吃;
推荐苏州工业园区的学校校园;查找苏州大学的特点;苏州工业园区大学的排名情况;
推荐吴中区适合情侣旅行的地方;几号线地铁直达推荐的景区;推荐的吴中区景区附近有情侣主题酒店吗;
搜索苏州姑苏区的古迹;搜索价位中等的姑苏区的古迹;在姑苏区有多少处古迹;
推荐苏州工业园区地铁直达的商业中心;电影院在苏州商业中心几楼;预订电影票;
推荐苏州吴中区适合家人出游的景点;推荐吴中区消费平价的适合家人出游的景点;吴中区附近美食特色;
推荐价格中等的西餐厅;推荐的餐厅有驻唱队吗;推荐环境优雅清新的西餐厅;
推荐苏州工业园区的粤菜馆;苏州工业园区粤菜馆特色推荐菜;苏州工业园区粤菜馆预订电话是;
苏州的付小姐的联系电话;苏州的付小姐有几家分店;苏州的付小姐成都分店在成都什么位置;
关之北几点开始营业;关之北餐厅是什么菜系;关之北在美团可以预订吗;
查找一家苏州吴中区的韩国料理;苏州吴中区哪一家韩国料理店有石锅拌饭;推荐在景点附近的餐厅;
苏州海底捞的营业时间是几点到几点;苏州海底捞就餐环境如何;苏州海底捞菜品齐全吗;
推荐吴中区一家价位中等上网餐厅;推荐的餐厅预订包间的电话;推荐的餐厅的特色菜;
推荐平价的日本料理;附近有没有自助日料店;自助日料店在什么位置;
推荐一家工业园区附近的江浙菜;推荐的工业园区江浙菜餐厅的名字;推荐的餐厅附近方便停车吗;
推荐苏州吴江区一星级的酒店;苏州吴江区有没有50一晚的酒店;苏州吴江区附近有什么景点;
推荐苏州五星级休闲度假酒店;推荐的酒店预订标准间的联系电话;推荐的苏州五星酒店有车接送吗;
推荐苏州工业园区平价且带标准间的酒店;推荐的苏州酒店是24小时营业吗;是在第二天12点之前退房吗;
推荐苏州姑苏区平价的酒店;预订苏州姑苏区酒店标准间的联系电话;苏州姑苏区最近7天以内的天气情况;
推荐苏州姑苏区价位偏贵的酒店;推荐的苏州姑苏区酒店属于几星级;推荐距离我出差地方近的酒店;
推荐苏州工业园区1星级的酒店;预订一间苏州工业园区一星酒店标准间;推荐的酒店离金鸡湖景区近吗;
推荐苏州平价的景点和学校;苏州大学是985吗;苏州大学有几个校区;
推荐高新区消费平价的景点;苏州的景点哪里最出名;苏州今天的天气情况;
推荐苏州价位中等的姑苏古迹;推荐的古迹历史的由来;在姑苏区有多少处古迹;
苏州山塘街的特点;苏州山塘街评分情况;规划去山塘街的路线;
推荐苏州偏贵点的景区;苏州景区消费水平怎么样;推荐的苏州景区位于人气排行榜第几;
查询苏州木渎古镇的详细地址;查找苏州木渎古镇附近的酒店;预订苏州木渎古镇附近的酒店标准间;
推荐苏州工业园区适合朋友出游的景点;推荐苏州工业园区适合晚上逛的地方;苏州工业园区附近有小夜市吗;
推荐苏州工业园区的景点;推荐适合与朋友一起出游的工业园区的景点;推荐的工业园区景点消费水平如何;
推荐苏州平价的地方;推荐苏州好吃的锅贴店;推荐的苏州锅贴店人均大概多少钱;
推荐苏州价位中等的园林;免门票的苏州园林有吗;推荐的苏州园林景区评分如何;
推荐苏州工业园区偏贵的地方;推荐苏州工业园区在我家附近的景区;定明早七点的闹钟我要接朋友;
推荐苏州的姑苏古迹;推荐的苏州古迹有多长时间的历史了;推荐的苏州古迹是怎么演变而来的;
推荐苏州消费中等的园林;打开高德地图;导航拙政园;
推荐姑苏区消费平价的地方;推荐的姑苏区景区的名字是什么;推荐的姑苏区景区评分怎么样;
推荐苏州消费平价的山水景区;推荐的苏州山水景区地点在什么地方;推荐距离我办事地方近的苏州景区;
苏州沙家浜风景区的具体地址;苏州沙家浜风景区在大众点评上的评价如何;苏州沙家浜风景区打卡的人多吗;
苏州的千灯古镇地铁直达吗;苏州千灯古镇的夜景怎么样;苏州千灯古镇附近的特色小吃;
推荐苏州吴中区适合家人出游的景点;推荐的景点具体在吴中区的哪个地方;推荐的景点有母婴室吗;
推荐苏州的姑苏古迹;推荐的姑苏古迹属于国家几A级景区;坐公交车多长时间到推荐的姑苏古迹;
推荐苏州姑苏区好玩的景点;打开百度地图;导航沧浪亭;
推荐苏州平价的姑苏古迹;推荐的姑苏古迹有多长时间的历史了;推荐有免费停车场的姑苏古迹;
苏州窟窿山景区什么时间开放;苏州窟窿山景区环境高雅吗;苏州窟窿山景区有卖纪念品的吗;
推荐苏州中等消费的景点;几号线地铁直达苏州中等消费的景点;去推荐的苏州中等消费的景点中间需要换乘地铁吗;
推荐苏州高新区消费平价的地方;新区永旺梦乐城在什么位置;新区永旺梦乐城人均的消费水平如何;
推荐苏州工业园区好吃的韩国料理;推荐的苏州工业园区韩国料理哪家的最好吃;现在去推荐的韩国料理还需要排队吗;
查找海底捞火锅店的位置;海底捞火锅口味有冬阴功的吗;海底捞是否开放空调冷气;
推荐苏州工业园区价位中等的餐厅;推荐的苏州工业园区餐厅在平江路的什么地方;推荐的餐厅距离我家近吗;
推荐苏州吴中区好吃的江浙菜餐厅;苏州吴中区环境上档次的餐厅有哪些;查询推荐的餐厅附近的酒店;
推荐苏州中等价位的餐厅;推荐的餐厅就餐环境是否卫生;推荐的餐厅人均大概多少钱;
推荐苏州姑苏区偏贵的餐厅;推荐就餐环境优雅清新的餐厅;推荐菜品摆盘精致的姑苏区餐厅;
推荐姑苏区消费中等的景区;姑苏区十大著名旅游景点有;推荐的景点附近交通是否方便;
推荐苏州偏贵的山水景区;推荐苏州景点附近的酒店;推荐苏州景点附近美食;
推荐苏州吴中区价格便宜的酒店;推荐的苏州吴中区酒店的电器设备是否齐全;推荐的苏州吴中区酒店房间的整洁度如何;
推荐昆山四星级的酒店;推荐的昆山四星酒店包三餐吗;推荐的昆山酒店房间里有大电视吗;
推荐苏州昆山的酒店;推荐的苏州昆山的酒店房间设施是否齐全;推荐的苏州昆山的酒店房间窗帘是否能完全遮光;
推荐苏州的园林;苏州的园林具体在什么位置;苏州的园林需要门票吗;
推荐苏州的山水景区;预订苏州山水景区附近的酒店;苏州山水景区附近有小吃街吗;
推荐工业园区平价的景点;怎么去推荐的景点最省钱;推荐一下景点平价的纪念品;
推荐苏州消费偏贵的山水景区;推荐的景区在苏州的哪个区;推荐的山水景区最近开放吗;
查询下周日南京到厦门的高铁;推荐厦门的景点;南京到厦门的高铁最晚的一趟是几点;
查询下周日上午从杭州到南京的动车;杭州到南京的动车有二等座的是哪一车次;南京附近的特色美食;
查询下周日下午从杭州到 广州的高铁;下周日广州天气怎么样;杭州到广州的高铁多长时间可以到广州;
查询下周四下午从深圳到北京的动车;预定北京的酒店;北京附近的景点;
查询上海到深圳的动车;周几有上海到深圳的动车;上海到深圳的动车当天都有哪些车次;
查询下周六下午杭州到广州的车;下午三点有杭州到广州的车票吗;杭州到广州的车票多少钱一张;
查询厦门到上海的动车;推荐上海的景点;推荐上海附近的特色美食;
查询厦门到杭州的高铁信息;厦门到杭州的高铁下周几有车;厦门到杭州的高铁票能网上预订吗;
查询下周日上午从成都到杭州的车;西湖收费吗;西湖现在可以游船吗;
查询下周日下午从厦门到南京的动车;坐动车需要身份证吗;几点开始检票;
查询下周六下午北京到杭州的动车;杭州的消费水平高吗;查询下周五杭州天气、温度;
查询下周厦门到广州的航班;厦门到广州的航班上午最早的一趟是几点;查广州最近疫情情况;
查询下周六北京到厦门的航班;坐飞机需要做核酸吗;北京到厦门的航班票价多少钱;
查询下周二广州到北京的航班;现在让进京吗;现在到北京需要隔离吗;
查询下周一从成都到南京的航班;下周一从成都到南京的航班最早的一趟是什么时候;下周一从成都到南京的航班哪个班次有公务舱;
推荐下周一从南京到北京的航班;现在让进京吗;坐飞机需要做核酸吗;
查 一下下周三深圳到上海的 航班;现在到上海需要隔离吗;深圳到上海的航班中途用不用换乘;
查询下周二厦门到广州的航班;厦门到广州经济舱的机票多钱;广州最近是否会下雨;
查询航班信息;飞机实时跟踪地图;航空公司航班是否延误;
查 一下下周六上海到广州的 航班;飞机上有卖盒饭的吗;距离我出差的地方飞机场;
查询下周五成都到上海的航班;在机场什么地方候机;成都上海两地之间的距离;
查询下周杭州的天气情况;下周杭州一周之内几天有雨;下周杭州空气质量怎么样;
查询下周三厦门的天气情况;下周三厦门24小时降水概率;下周三厦门风力风向如何;
查询下周二武汉的天气情况;最近武汉潮湿的厉害吗;预订去武汉的火车票;
查询下周四成都的天气和气温如何;搜索成都最有名的火锅店;成都的火锅店里有冷气开放吗;
查询下周日的天气;下周日气温几度到几度;下周日上下温差大吗;
查询下周六北京的天气;南锣鼓巷在什么地方;南锣鼓巷有卖糖画的吗;
查询下周苏州风力几级;下周苏州天气情况如何;推荐苏州离我办事近的酒店;
查询南京下周五的天气及气温;推荐南京适合妈妈的衣服店;买什么布料的衣服比较舒适;
查询下周一广州的天气;广州最近7天内的气温变化;推荐当日下周一到广州的航班;
查询下周上海的天气;推荐下周到上海的航班;到上海的航班大概多长时间到达;
查询下周四广州的天气情况;预订广州距离出差地方近的酒店;推荐广州附近有名的饭店;
查询武汉下周二的风力几级?;武汉下周二有没有大风预警;下周二武汉会不会发生自然灾害;
查询下周日厦门的天气情况;下周日厦门最高气温多少度;下周日厦门最低气温多少度;
查询下周一广州的气温怎么样;广州旅游必去十大景点;广州哪个景点的日出最美;
查询周六南京的天气情况;周六南京适合穿什么衣服;周六南京当地限号吗;
查询下周广州的天气情况;推荐广州有名的酒店;搜索广州附近的景点;
查询苏州周四的天气情况;苏州周四最高气温多少度;苏州周四会不会有雨;
查询一下下周日杭州的天气;下周日杭州适合穿什么衣服;下周日杭州的天气需要涂防晒吗;
找一个南京到杭州的车;南京到杭州有没有高铁;南京到杭州坐高铁需要换乘吗;
下周五北京是晴天吗;导航去天安门;天安门附近有公交站吗;
询问下周一下午北京到南京的动车;北京到南京的动车中途经过哪些城市;北京到南京距离有多远;
查询下周四上海的天气;上海有没有标志性的建筑;推荐几个上海景点;
查询下周四南京的天气;南京最有名的小吃是什么;导航去南京车站;
查询下周二广州的天气;广州离海南有多远;广州到海南有没有直达的飞机;
查询下周六下午杭州到上海的车次;下周六下午杭州到上海的高铁有没有一等座的;杭州到上海坐高铁需要多长时间;
查询下周北京的天气;我想去北京天安门;去北京天安门有可以直达的公交车吗;
查询下周二杭州的天气、气温;下周二杭州的是不是晴天;下周二杭州的气温什么时候达到最高温度;
查一下下周四上海的紫外线强度;上海有没有欢乐谷;上海欢乐谷的门票是多少钱;
查一下广州的天气;广州的天气适合穿短袖吗;广州哪一时间段温度最低;
推荐下周三杭州到北京的航班;推荐几个北京交通比较便利的酒店;哪一家北京的酒店离地铁站最近;
推荐一班下周四从南京到北京有公务舱的航班;导航去南京离我最近的机场;南京离我最远的机场是哪个;
推荐评分高点的电影;我想看美国评分高点的电影;安妮海瑟薇的处女作是哪一部;
推荐一部2010年代印度最受好评的影片;最近上映的印度影片都有哪些;印度最知名的演员是谁;
推荐一部李连杰在中国大陆时期主演的影片;李连杰现在的国籍是哪国的;李连杰一共结过多少次婚;
推荐中国香港的电影;我想看中国香港的宫斗片;最近上映的有佘诗曼主演的中国香港的宫斗片吗;
推荐部美国的电视剧;美国的爱情片排行第一的是哪个;美国排行第一的爱情片的男一号是谁;
推荐一部柯素云最火的中国台湾剧;柯素云是哪一年出道的;柯素云出道距今有多少年了;
找一部有宋慧乔参演的韩国电视剧;宋慧乔参演的收视率最低的一部韩国电视剧是;最近有没有宋慧乔主演的电视剧播出;
推荐一部高分的美国犯罪片;评论最多的一部高分的美国犯罪片是;我想看评论最多的高分英国犯罪片;
推荐一部2000年代的大陆电视剧;仙女湖是属于什么题材的电视剧;仙女湖的主演是谁;
找一部有马景涛参演的电视剧;马景涛的外号是什么;马景涛和宁静主演的清宫剧叫什么;
推荐一个2010年代热门的中国大陆犯罪片;2010年代热门的香港犯罪片有没有古天乐出演的;搜索古天乐的所有作品;
推荐一部日剧;我要看日本动画片;推荐一部日本热血动漫;
最近新出的好看的日剧;最近新出的好看的日剧有没有关于校园的;即将开播的好看的校园日剧有哪些;
找一部2000年美国的电视剧;2000年美国的电视剧播放量最多的是哪一个;优酷上能不能看美剧;
找一部2010年代的恐怖片;推荐一部2010年代国产的恐怖电影;2010年代最恐怖的一部国产电影是;
推荐一部2000年代热播的中国香港的电视剧;有好看的2000年代韩剧推荐吗;90年代热播的韩剧有哪些;
2010年左右美国热播的喜剧;90年代的美国犯罪片都有哪些;推荐一部90年代的日本喜剧;
推荐一部美国的2000年代的喜剧片;我想看日本2000年代的推理动画片;日本2000年代最出名的演员是;
推荐2010年代的热播的美剧;2010年代的热播的穿梭星际时空的美国电视剧有哪些;2010年代的热播的穿梭星际时空的美国电视剧有没有关于星际战争的;
推荐一个动作片电影;推荐一部英国动作电影;有奥黛丽赫本参演的英国动作电影吗;
推荐一下2000年的喜剧电影;我喜欢看2000年的国产喜剧片;2000年的国产喜剧片有没有吴君如演的;
找部2000年代的中国台湾的爱情片;中国台湾最近很火的穿越剧有哪些;我要看2000年代的中国台湾的恐怖电影;
找一家姑苏区的三级医院;导航去离我最近的姑苏区的三级医院;找一家擅长精神外科的离我最近的姑苏区的三级医院;
找一家精神心理科医院;精神心理科常见病症都有哪些;精神心理科主要检查什么;
看看工业园区好点的医院;工业园区离公交站最近的医院是哪一家;工业园区哪一家医院交通最方便;
我感觉身体不太舒服;查找附近的医院;打车去附近最近的医院;
找一家综合医院;附近有没有私立的综合医院;附近离我最近的私立的综合医院是哪一家;
哪个综合医院的内分泌科比较靠谱;内分泌科主要检查什么;内分泌科比较常见的疾病有哪些;
找一家擅长眼科的专科医院;擅长眼科的专科医院能不能测视力;擅长眼科的专科医院可以配眼镜吗;
苏州市立医院（本部）有没有 CT;拍CT需要多长时间;拍完CT多长时间出报告;
苏州市第五人民医院怎么样;查询苏州市第五人民医院的具体位置;苏州市第五人民医院的医疗设备怎么样;
推荐一个眼科一流的专科医院;近视眼可以彻底根治吗;近视眼做手术需要花费多少钱;
推荐一个擅长产科的综合医院;吴中区附近有没有擅长产科的综合医院;推荐一家吴中区附近擅长产科的公立综合医院;
找一家地铁直达的公立综合医院;找一家擅长骨科的地铁可以直达的公立综合医院;骨折需要住院吗;
推荐一个最新款的笔记本电脑;我想要三星的最新款的笔记本电脑;三星的笔记本电脑销量最好的是哪一个系列的;
介绍一款轻薄本;有没有宏碁的商用电脑;价格在5000左右宏碁的商用电脑;
推荐一款联想-拯救者系列的5000-10000元左右的电脑;联想-拯救者系列的电脑有游戏本吗;联想-拯救者系列最近热销的是哪一款;
推荐一下16GB内存的笔记本;有没有16GB内存的CPU是i5的电脑;我喜欢内存比较大的CPU是i5的电脑;
推荐 一下价格在5000 到10000 元之间的电脑;我想要苹果的价格在5000 到10000 元之间的台式机;苹果的台式机有没有25英寸的;
推荐一款5000到10000 元的电脑;我喜欢小米的台式机;帮我找一个小米的23英寸的台式机;
介绍一个电脑;评价比较好的台式机有哪些;哪个牌子的台式机在京东的排名第一;
推荐一款越野的三厢车;越野的三厢车有没有四驱的;我想要高配的四驱的越野的三厢车;
适合6个人坐的上汽大众的SUV;上汽大众都有哪些汽车;上汽大众有没有进口车;
推荐一款低配迈腾;迈腾有没有新上市的;迈腾有新能源的吗;
推荐一辆4个人坐的SUV;有没有家用的4个人坐的SUV;推荐一辆省油的家用的4个人坐的SUV;
介绍下桑塔纳的低配版;桑塔纳的低配版价格是多少;桑塔纳有没有MPV类型的;
推荐一款家用的三厢车;找一款带座椅加热的家用的三厢车;我想要一汽大众的带座椅加热的家用的三厢车;
价格在20-30万之间的汽油驱动的MPV;汽油驱动的MPV销量排行榜前十名;最豪华的MPV是哪一款?;
买一辆30万以上的家用的SUV;家用的SUV销量排行榜;家用的SUV年销量最高的一款是;
买一辆进口大众的MPV;进口大众的MPV有没有紧凑型的;推荐一款低配的进口大众的MPV;
推荐一款上汽大众的SUV;导航去附近的汽车店;上汽大众的SUV有没有新能源的;
推荐一个在新区或姑苏 区的四年级数学精进班;推荐一个在新区或姑苏区的周六上课的数学精进班;找一家在新区或姑苏区的周六上课的五年级数学辅导班;
查找一个在园区周日的六年级英语辅导班;有没有在园区周六上课的六年级英语辅导班;在园区有周六上课的五年级英语辅导班吗;
推荐周六下午上课的四年级数学辅导班;推荐一家周天上课的四年级数学辅导班;找一家附近有地铁站的周天上课的四年级数学辅导班;
推荐个小升初辅导班;推荐一个主讲老师讲课比较好的小升初辅导班;小升初辅导班有没有特级讲师;
推荐一个在园区或新区的周六或周日上课的四年级数学辅导班;在园区或新区的四年级数学辅导班现在是线下教育还是线上的;帮我找一家在园区或新区性价比最高的四年级数学辅导班;
找个四年级辅导班;推荐个新区的五年级英语辅导班;新区哪一家五年级英语辅导班教的比较好;
帮我找一个在姑苏区五年级的英语精进班;推荐一个姑苏区初中数学辅导班;在姑苏区帮我找一个离家近的初中英语辅导班;
推荐一个周六下午上课的六年级语文辅导班;有没有周六下午六点半上课的语文辅导班;我想报周六下午六点半上课的数学辅导班;
推荐一个语文辅导班;收费比较适中的一家语文辅导班是;口碑比较好的一家语文辅导班是;
推荐一个在吴中区或姑苏区的五年级语文志高班;五年级语文志高班收费最贵的一家是;推荐一个六年级的收费最贵的语文志高班;
推荐一个在园区的四年级数学好学班;推荐一个在吴中区附近的四年级数学好学班;找一家在吴中区附近的辅导四年级语文的;
推荐一个苏州消费水平偏贵的山水景区;拙政园门票多少钱一张;苏州附近有小吃街吗;
查询地铁能否直达苏州大学;苏州大学是985吗;苏州大学里面有哪些好玩的;
推荐一个吴中区适合亲子游玩的景点;消费水平低一点的适合亲子游玩的景点有吗;周围方便停车的景点;
推荐一个江苏消费水平便宜的地方;我附近有台球厅吗;评分最好的台球厅是哪一个;
查询苏州吴中区的山水景区;吴中区人气最旺的景区是哪一个;打开高德地图;
推荐一个苏州工业园区附近档次高地铁直达的饭店;苏州工业园区附近最贵的饭店是哪家;工业园区有烧鹅店吗;
推荐一家便宜点的快点简餐餐厅;最便宜的快点简餐餐厅是哪家;搜索经济实惠快餐店;
找一家苏州高新区地铁直达的便宜餐厅;苏州高新区地铁站附近有西餐厅吗;苏州高新区有沙县小吃吗;
查询苏州臻品粤茶餐厅的营业时间;苏州臻品粤茶餐厅的评分怎么样;苏州臻品粤茶餐厅附近容易停车吗;
找一家便宜点的西北菜餐馆;最便宜的西北菜餐馆是哪家;最正宗的西北菜餐馆是哪家;
查找苏州附近的五星级酒店;苏州最贵的五星级酒店是哪家;苏州最贵的五星级酒店住一晚要多少钱;
查询吴中区附近便宜的标准间酒店;标准间和大床房有什么区别;吴中区离我最近的酒店是哪家;
搜索苏州新城花园丽呈华廷酒店的标准间;苏州新城花园丽呈华廷酒店具体在哪个位置;苏州新城花园丽呈华廷酒店附近有什么小吃街吗;
查找苏州吴江附近的三星级酒店;离同里古镇比较近的三星级酒店是哪家;吴江明天有雨吗;
推荐一家昆山附近有标准间的一星级酒店;昆山有五星级酒店吗;导航去昆山;
推荐一家姑苏区附近有标准间的二星酒店;姑苏区附近有标准间的二星酒店环境最好的是哪家;酒店标准间可以住到几点;
推荐一家吴江附近有标准间的五星级酒店;吴江附近最贵的五星级酒店是哪家;五星级酒店都有什么服务;
推荐一家苏州工业园区附近有标准间的酒店;苏州工业园区附近最便宜的酒店是哪家;导航去苏州城市便捷酒店;
推荐一个常熟便宜点的酒店;常熟最便宜的酒店是哪一家;评分最高的酒店是哪家;
搜索附近有大床房的五星度假酒店;附近哪些五星酒店有标准间;标准间房费最贵的是哪一家;
查询苏州城驿联号酒店的标准间;搜索苏州城驿联号酒店的前台电话;预订苏州城驿联号酒店明天的标准间;
查询吴中区附近有标准间的中等价位酒店;吴中区附近离我最近的酒店是哪家;吴中区附近评分最高的酒店是哪家;
推荐一个苏州高新区适合情侣约会的景点;高新区有哪些地方适合和朋友一起去;高新区有地方爬山吗;
推荐一个常熟附近消费水平贵的景点;明天常熟的天气怎么样;常熟整体消费水平如何;
查找吴中区消费便宜的地方;周庄古镇的门票多少钱;吴中区近七天有雨吗;
查询姑苏区消费便宜点的地方;姑苏区环境最好的景区是哪;姑苏区离我最近的是哪个景点;
苏州有地铁直达沙家浜风景区吗;搜索沙家浜风景区的开放时间;沙家浜风景区门票多少钱;
查询苏州消费偏贵的地方;苏州最繁华的地段是哪;导航去苏州圆融时代广场;
查询工业园区消费水平便宜的地方;仙樱湖公园是免费的吗;导航去仙樱湖公园;
搜索留园的地址;留园的门票多少钱一张;导航去留园;
推荐一个高新区附近便宜的景点;搜索高新区消费最高的景点;高新区有哪些免费景点;
查询吴江适合朋友出游的景点;吴江人气最高的景点是哪里;吴江哪个景区方便停车;
查询石路步行街的开放时间和门票价格;石路步行街可以开车进去吗;导航去石路步行街;
推荐一个昆山消费便宜的景点;木渎古镇是什么时代建造的;木渎古镇的具体位置在哪;
查询姑苏区适合朋友出游的景点;姑苏区有免费公园吗;搜索姑苏区附近的公园;
推荐一个苏州适合朋友出游的景点;锦溪古镇门票多少;苏州明天有雨吗;
推荐一家苏州消费便宜的面包甜点餐厅;离我最近的面包甜点餐厅是哪家;评分最高的面包甜点餐厅是哪家;
搜索苏州外婆家餐厅;外婆家餐厅都有哪些特色;外婆家餐厅人均消费多少;
推荐一个高新区好吃的面包甜点餐厅;搜索高新区面包店排行榜;导航去离我最近的面包店;
推荐一个姑苏区便宜一点的餐厅;姑苏区人气最旺的餐厅是哪家;离苏州高铁站最近的餐厅是哪家;
推荐一个高新区好吃的西餐厅;高新区最便宜的西餐厅是哪家;高新区最便宜的西餐厅人均消费多少;
推荐一家苏州价位偏贵的面包甜食餐厅;苏州最好吃的面包甜食餐厅是哪家;苏州最好吃的面包甜食餐厅联系电话是多少;
推荐一家苏州价位中等面包甜点店;苏州最好吃的面包甜点店是哪家;苏州卡漫莫尼蛋糕具体位置在哪;
推荐一家苏州的五星级酒店;苏州档次最高的五星酒店是哪家;五星级酒店都有什么服务;
查询苏州姑苏区价格便宜点的酒店;姑苏区适合大学生住的酒店有吗;姑苏区消费水平低的酒店有吗;
查询苏州吴中区便宜的酒店;苏州吴中区最便宜的酒店是哪家;搜索吴中区有大床房的连锁酒店;
查询吴中区的四星级酒店;吴中区地理位置最好的四星酒店是哪家;吴中区离我最近的酒店是哪家;
推荐一个吴中区中等消费的景点;吴中区离我最近的景点是哪;吴中区哪个景点附近有停车场;
搜索姑苏的景点;推荐一个姑苏区适合家人出游的景点;帮我预订姑苏区的酒店;
搜索苏州工业园区消费中等的景区;苏州工业园区人气最旺的景区是哪;苏州有哪些必去景点;
搜索吴江附近贵一点的景点;吴江附近消费水平最高的景区是哪;搜索吴江景区排行榜;
查找姑苏区的四星酒店标准间房费是多少;姑苏区的四星酒店最贵的酒店是哪家;苏州苏遇酒店评分如何;
推荐一个消费低的苏州园林;沧浪亭门票多少钱一张;查询苏州未来一周的天气;
查一下下周三下午杭州去北京的动车;下周三下午杭州去北京的动车最晚的车次是几点;杭州去北京的动车票价多少钱;
查询杭州到南京的动车;南京有哪些特色美食;下周四杭州到南京最早的一班车是几点;
查询下周四下午深圳到北京的动车;北京故宫门票多少钱一张;深圳距离北京多远;
查询下周日下午南京到北京的二等座车票;火车时刻表有吗;南京到北京的二等座车票多少钱;
查一下下周日上午广州到深圳的动车;广州到深圳的动车最快多长时间可以到;广州到深圳有多远;
推荐一班广州到厦门的动车;厦门最出名的景点是哪;广州到厦门的动车票多少钱一张;
查询下周五上午南京到上海的二等座高铁;南京到上海的二等座高铁票价多少;南京有大巴车到上海吗;
查一下下周一下午上海到南京的动车;上海到南京的动车途中会经过哪些城市;高铁上面卖饭吗;
有下周一上午北京到杭州的二等座高铁吗;下周一上午北京到杭州的二等座高铁都有几点的票;北京到杭州有多少公里;
查询下周四南京到广州的航班;南京距离广州多远;南京到广州的航班多长时间会到;
查询下周五广州飞成都的航班;广州飞成都的航班票多少钱;广州飞成都的航班要飞几个小时;
查查下周四到北京的航班;下周四到北京的航班最早的票是几点;下周四到北京的航班最晚的票是几点;
查询下周日深圳到成都的经济舱航班;下周日深圳到成都的经济舱航班最早的一班是几点;深圳离成都多远;
查询下周一成都飞北京的航班;成都距离北京多远;北京都有哪些景点;
查询到深圳的航班;到深圳的航班票多少钱一张;深圳有哪些出名的景点;
查询下周三厦门到广州的公务舱飞机;厦门到广州有多远;厦门到广州的飞机需要飞几个小时;
查询下周四广州的天气;查询下周四开往广州的火车;广州白云山门票多少钱;
搜索下周四厦门的天气;厦门人气最旺的地方是哪;查询下周四开往厦门的火车;
下周二南京的天气怎么样;未来一周南京的天气预报;南京的体感温度是多少;
下周日广州天气如何气温多少;下周日广州穿衣指数是多少;下周日广州宜运动吗;
查询下周日成都的天气;成都最近有没有恶劣天气;下周日成都气压指数多少;
下周四苏州天气咋样;下周四苏州适合穿短袖吗;下周四苏州风向是多少;
下周一上海天气如何;下周一上海舒适度指数是多少;上海未来一周的温度怎么样;
查一下广州近日天气;广州有什么特色美食;广州有哪些好玩的景点;
帮我查查下周日上海的气温;上海现在的疫情防控政策是什么;未来一周上海有没有雨;
查下下周三杭州是什么天气;下周三有没有去杭州的航班;下周三杭州适合穿什么衣服;
成都下周二天气怎么样;成都下周二的温度如何;成都是几线城市;
查一下广州到深圳的高铁;广州到深圳的高铁需要坐几个小时;广州的天气如何;
下周六北京到南京的公务舱航班有没有;北京到南京的公务舱航班票价是多少;北京到南京的公务舱航班两个人怎么买票划算;
下周五杭州到深圳的公务舱有没有;杭州距离深圳有多远;深圳每年的GDP是多少;
下周五杭州到北京的航班推荐一班;杭州距离北京有多远;下周五杭州到北京最晚的一班航班是几点;
下周四北京的天气怎么样;下周四北京的温度;去北京的最早航班是几点;
推荐一下下周五北京到南京的航班;下周五北京的温度是多少;下周五南京的天气怎么样;
下周日北京什么天气;未来一周北京的天气情况;北京所有的大学;
下周二杭州到成都的航班有没有;下周二成都的天气怎么样;杭州距离成都有多远;
下周二深圳的天气好吗;下周二深圳有没有雨;下周二深圳的天气用不用带伞;
下周四杭州的天气和温度怎么样;杭州有哪些好玩的地方;杭州有几个万达;
找一部印度电影;印度电影排行榜前十名;播放误杀瞒天记;
推荐一部大陆的高分电影;找一部大陆8.5评分以上的电影;找一部沈腾主演的高分电影;
推荐一部90年代美国最受好评的电影;90年代美国票房排行榜;找一部美国科幻片;
找一部大陆好看的电影;大陆灾难片排行榜前十名;我要看冒险的电影;
推荐个七十年代的恐怖片;推荐一个2022年的恐怖电影;推荐一个关于动物的动画电影;
找个八十年代受好评的印度喜剧片;找一部印度灾难片;找一部关于战争的电影;
推荐个2010年代香港受好评的电影;推荐一个二战题材的电影;我想看爱国题材的电影;
推荐一部台湾电影;找一部喜剧片;找一个评分最高的恐怖电影;
找一部大陆高评分科幻电视剧;找一部评分最高的科幻电影;找一部美国的科幻电视剧;
2010年代热门的韩剧有啥;找一部80年代好看的韩剧;2022年最火的韩剧是哪部;
推荐一部陈小春演的港剧;豆瓣评分最高的港剧是什么;在哪个APP看韩剧资源比较多;
推荐一部潘粤明演的电视剧;哪个电视台可以收看美剧;美国当前最红的艺人是谁;
推荐一部2010年代热门的台剧;最近上映了哪些台湾电影;找一部喜剧片;
找个请假好的剧情片美剧;美剧悬疑剧排行前十名;推荐9.0评分以上的韩剧;
2000年代最热门的台湾电视剧有哪些;即将上映的台剧有什么;有没有高评分台剧推荐;
找一部金秀贤演的电视剧;搜索金秀贤所有9.0评分以上的作品;我要看最新上映的;
推荐部台湾剧情片;推荐2000年代的台湾恐怖片;找一部8.0评分以上的台剧;
推荐一部大陆电视剧;找一部国产灾难片;内地当前最红的艺人是谁;
推荐一部好看的港剧;有没有刘德华主演的港剧;播放一部9.5评分以上的港剧;
推荐一部2010年代热门的大陆喜剧片;找一部成龙演的电影;我想看甄子丹演的电影;
推荐一部大陆电视剧;2022年最火的日剧是哪部;哪个APP的韩剧资源多;
推荐一部韩国九十年代的剧情片;我想看韩国的恐怖电影;找一部9.5评分以上的韩国喜剧片;
推荐一部大陆高分剧情片;找一部80年代的喜剧片;我要看最近上映的电影;
帮我找一部金宣儿主演的电视剧;搜索金宣儿的所有作品;金宣儿是哪里的;
推荐个2010年代播放量最多的国产剧;打开优酷视频;最近有哪些院线电影港剧;
推荐一下中国的热播剧;推荐一部关于校园的电视剧;搜索沈腾主演的所有电影;
推荐一部动作电影;我要看三十集左右的电视剧;找一部90年代的动作电影;
推荐一部动作片看看;推荐一部韩国惊悚片;找一部搞笑的台剧;
推荐一部2010年代的香港电视剧;周星驰有哪些作品;找一部香港灾难片;
苏州市立医院有CT吗;开车去苏州市立医院需要多长时间;苏州市立医院晚上十二点营业吗?;
找一家内分泌科有建树的医院;搜索我附近所有的综合医院;找一家好停车的医院;
推荐一家好的妇科医院;导航去住院环境最好的一家;我要去离我最近的一家妇科医院;
在高新区找一家肿瘤科好的医院;在高新区找一家肿瘤科好的公立医院;我要去口碑最好的一家肿瘤科好的医院;
推荐一家姑苏区地铁能直达的三级医院;找一家擅长妇产科的医院;附近的眼科医院排行;
找一家皮肤科的专科医院;找一家可以做CT手术的医院;平均费用最低的皮肤科专科医院是哪一家;
有没有好一点的精神心理科医院推荐;苏州精神心理科医院排名;精神心理科的常见疾病有哪些;
帮我找一家姑苏区的公立医院;在姑苏区找一家妇产科比较好的医院;在姑苏区找一家住院环境比较好的医院;
咨询一款游戏电脑;小米品牌第一款笔记本是什么;小米公司创始人是谁;
有没有合适的游戏本推荐;给我找一部戴尔的游戏本;找一部七千块左右的游戏本;
咨询一下商用电脑;性价比最高的商用电脑是哪一个品牌;销量最好的商用电脑是哪一个;
推荐一款五千到一万16GB内存、i7处理器的台式机;我想要一部华为笔记本电脑;16GB内存、i7处理器普通工作用可不可以;
推荐一款联想品牌五千到一万之间的笔记本;联想那个系列的笔记本销量最好;联想笔记本电脑的处理器是什么;
我计划买一台戴尔的最新款笔记本;我想要一个联想品牌的最新款笔记本;戴尔品牌销量最好的电脑是哪一个;
推荐一款台式机;找一个性价比最高的电脑品牌;找一个销量最好的电脑品牌;
推荐一款戴尔的轻薄本;推荐联想品牌的轻薄本;戴尔品牌哪个系列销量最好;
我想买个16G内存i7处理器一万元以内的台式机;性价比最高的台式机是哪个品牌;我想要小米品牌的台式机;
推荐一个台式机;推荐一个性价比最高的台式机电脑品牌;销量最好的台式机是哪一款;
帮我推荐一台轻薄本;小米的笔记本好不好用;小米的笔记本性价比高不高;
我想换一台五千到一万之间的电脑;台式机好还是笔记本好;笔记本的销量高还是台式机的销量高;
我计划买一小米笔记本电脑有好的推荐吗;小米笔记本电脑哪一个性价比最高;小米笔记本电脑哪一个玩游戏比较好;
我要采购一批笔记本有什么好的推荐;帮我找一个8000左右的笔记本;帮我找一个7500左右的华为电脑;
推荐一款家用SUV;找一款上汽大众的家用SUV;我计划买一台上汽名爵的家用SUV;
有没有家用SUV推荐;销量最好的SUV是哪一个;SUV好还是轿车好;
推荐一台途观L高配;途观L高配裸车价现在是多少;途观L高配全部办下来需要多少;
推荐一辆汽油驱动的SUV;推荐一款进口的汽油驱动的SUV;找一辆上汽名爵的SUV;
推荐一辆一汽大众的三厢车;推荐一辆一汽大众的纯电SUV;买纯电三厢车有没有补贴;
推荐一辆越野三厢车;推荐一辆十五万左右的越野三厢车;找一辆性价比最高的越野三厢车;
推荐一辆中大型的四驱SUV;30万到40万区间销量最好的SUV是哪一个;推荐一款大众品牌的四驱SUV;
帮我推荐一款低配的途锐;低配的途锐裸车价多少;汽车销量前三名是哪些;
推荐一辆越野mpv;找一辆长安品牌的越野mpv;性价比最高的越野mpv是哪一款;
推荐一辆低配的途观L;找一辆二十万左右的途观L;途观L最新款的价格是多少;
推荐一个在园区或者新区的语文精进班;数学辅导班推荐;在哪可以报名语文精进班;
找一个姑苏区的英语志高班;有没有三年级的英语志高班;找一家费用最高的英语志高班;
找一个五年级的辅导班;有没有网上报名的地址;附近有没有初中的辅导班;
推荐一个合适的数学辅导班;知名度最高的数学辅导班是哪一个;数学辅导班推荐;
周日上午语言辅导班有没有好的推荐;搜索附近所有的辅导班;离我最近的语言辅导班是哪一个;
推荐一个小升初的辅导班;我推荐一个姑苏区的六年级英语辅导班;推荐一个语文辅导班;
查找一个周日上午上课的数学辅导班;推荐一个英语的精进班;找一个报名人数比较多的数学辅导班;
找一个小学四年级的辅导班;推荐一个高中三年级的数学辅导班;推荐一个性价比比较高的四年级辅导班;
推荐一个六年级的英语辅导班;哪一家英语辅导班教的比较好;英语辅导班每天都要上课吗;
帮忙推荐一个合适的数学辅导班;在吴中区推荐一个英语精进班;有上午十点开始的数学辅导班吗;